******************************************************************************
                  TI ARM Linker PC v18.12.3                    
******************************************************************************
>> Linked Sat Dec 14 16:59:53 2019

OUTPUT FILE NAME:   <FinalProjectFull.out>
ENTRY POINT SYMBOL: "_c_int00_noargs"  address: 000029f5


MEMORY CONFIGURATION

         name            origin    length      used     unused   attr    fill
----------------------  --------  ---------  --------  --------  ----  --------
  MAIN                  00000000   00040000  00002dc0  0003d240  R  X
  INFO                  00200000   00004000  00000000  00004000  R  X
  SRAM_CODE             01000000   00010000  0000038c  0000fc74  RW X
  SRAM_DATA             20000000   00010000  0000038c  0000fc74  RW  


SEGMENT ALLOCATION MAP

run origin  load origin   length   init length attrs members
----------  ----------- ---------- ----------- ----- -------
00000000    00000000    00002dc0   00002dc0    r-x
  00000000    00000000    000000e4   000000e4    r-- .intvecs
  000000e4    000000e4    00002a90   00002a90    r-x .text
  00002b74    00002b74    000001fc   000001fc    r-- .const
  00002d70    00002d70    00000050   00000050    r-- .cinit
20000000    20000000    0000018c   00000000    rw-
  20000000    20000000    00000144   00000000    rw- .bss
  20000144    20000144    00000048   00000000    rw- .data
2000fe00    2000fe00    00000200   00000000    rw-
  2000fe00    2000fe00    00000200   00000000    rw- .stack


SECTION ALLOCATION MAP

 output                                  attributes/
section   page    origin      length       input sections
--------  ----  ----------  ----------   ----------------
.intvecs   0    00000000    000000e4     
                  00000000    000000e4     startup_msp432p401r_ccs.obj (.intvecs:retain)

.text      0    000000e4    00002a90     
                  000000e4    00000a4e     rtsv7M4_T_le_v4SPD16_eabi.lib : _printfi.c.obj (.text:__TI_printfi)
                  00000b32    00000002                                   : _lock.c.obj (.text:_nop)
                  00000b34    00000334     system_msp432p401r.obj (.text)
                  00000e68    000002a0     rtsv7M4_T_le_v4SPD16_eabi.lib : mktime.c.obj (.text:__mktime32)
                  00001108    00000270                                   : _printfi.c.obj (.text:_pconv_a)
                  00001378    00000208     uart.obj (.text)
                  00001580    000001d0     rtsv7M4_T_le_v4SPD16_eabi.lib : _printfi.c.obj (.text:_pconv_g)
                  00001750    000001b6                                   : fd_add_t2.asm.obj (.text)
                  00001906    00000002                                   : div0.asm.obj (.text)
                  00001908    00000140     main.obj (.text)
                  00001a48    0000013c     rtsv7M4_T_le_v4SPD16_eabi.lib : _printfi.c.obj (.text:_pconv_e)
                  00001b84    00000136                                   : fd_div_t2.asm.obj (.text)
                  00001cba    00000002     --HOLE-- [fill = 0]
                  00001cbc    00000134                                   : localtim.c.obj (.text:__localtime32)
                  00001df0    00000124                                   : _printfi.c.obj (.text:fcvt)
                  00001f14    00000110                                   : s_scalbn.c.obj (.text:scalbn)
                  00002024    000000fc                                   : fd_mul_t2.asm.obj (.text)
                  00002120    000000b1                                   : _printfi.c.obj (.text:_ltostr)
                  000021d1    00000001     --HOLE-- [fill = 0]
                  000021d2    0000009c                                   : memcpy_t2.asm.obj (.text)
                  0000226e    00000096                                   : ull_div_t2.asm.obj (.text)
                  00002304    00000086                                   : fd_cmp_t2.asm.obj (.text:__aeabi_cdcmple)
                  0000238a    00000086                                   : fd_cmp_t2.asm.obj (.text:__aeabi_cdrcmple)
                  00002410    0000007a                                   : memset_t2.asm.obj (.text)
                  0000248a    0000006e                                   : _printfi.c.obj (.text:_mcpy)
                  000024f8    0000006e                                   : ll_div_t2.asm.obj (.text)
                  00002566    00000002     --HOLE-- [fill = 0]
                  00002568    0000006c                                   : asctime.c.obj (.text:asctime)
                  000025d4    00000068                                   : copy_decompress_lzss.c.obj (.text:decompress:lzss:__TI_decompress_lzss)
                  0000263c    00000064                                   : s_frexp.c.obj (.text:frexp)
                  000026a0    00000056                                   : _printfi.c.obj (.text:_pconv_f)
                  000026f6    00000054                                   : ltoa.c.obj (.text:ltoa)
                  0000274a    00000052                                   : _printfi.c.obj (.text:_ecpy)
                  0000279c    0000004c                                   : atoi.c.obj (.text:atoi)
                  000027e8    0000004c                                   : snprintf.c.obj (.text:snprintf)
                  00002834    00000048                                   : hosttime.c.obj (.text:HOSTtime)
                  0000287c    00000048                                   : fd_toi_t2.asm.obj (.text)
                  000028c4    00000044                                   : autoinit.c.obj (.text:__TI_auto_init_nobinit_nopinit:__TI_auto_init_nobinit_nopinit)
                  00002908    00000040                                   : u_divt2.asm.obj (.text)
                  00002948    0000003e                                   : _printfi.c.obj (.text:_fcpy)
                  00002986    00000002     --HOLE-- [fill = 0]
                  00002988    00000038                                   : trgmsg.c.obj (.text:__TI_writemsg)
                  000029c0    00000034                                   : trgmsg.c.obj (.text:__TI_readmsg)
                  000029f4    00000034                                   : boot_cortex_m.c.obj (.text:_c_int00_noargs:_c_int00_noargs)
                  00002a28    00000030                                   : snprintf.c.obj (.text:_outs)
                  00002a58    0000002e                                   : i_tofd_t2.asm.obj (.text)
                  00002a86    0000001c                                   : copy_zero_init.c.obj (.text:decompress:ZI:__TI_zero_init_nomemset:__TI_zero_init_nomemset)
                  00002aa2    0000001c                                   : memccpy.c.obj (.text:memccpy)
                  00002abe    0000001a                                   : s_copysign.c.obj (.text:copysign)
                  00002ad8    00000018                                   : snprintf.c.obj (.text:_outc)
                  00002af0    00000016                                   : strchr.c.obj (.text:strchr)
                  00002b06    00000014                                   : strlen.c.obj (.text:strlen)
                  00002b1a    00000012                                   : wcslen.c.obj (.text:wcslen)
                  00002b2c    0000000e                                   : time.c.obj (.text:__time32)
                  00002b3a    0000000e                                   : copy_decompress_none.c.obj (.text:decompress:none:__TI_decompress_none)
                  00002b48    0000000e     startup_msp432p401r_ccs.obj (.text)
                  00002b56    0000000c     rtsv7M4_T_le_v4SPD16_eabi.lib : ctime_.c.obj (.text:__ctime32)
                  00002b62    00000002     --HOLE-- [fill = 0]
                  00002b64    00000008                                   : errno.c.obj (.text:__aeabi_errno_addr)
                  00002b6c    00000004                                   : pre_init.c.obj (.text:_system_pre_init)
                  00002b70    00000004                                   : exit.c.obj (.text:abort:abort)

.const     0    00002b74    000001fc     
                  00002b74    00000101     rtsv7M4_T_le_v4SPD16_eabi.lib : ctype.c.obj (.const:.string:_ctypes_)
                  00002c75    00000003     --HOLE-- [fill = 0]
                  00002c78    00000060                                   : mktime.c.obj (.const:$O1$$)
                  00002cd8    0000004c                                   : asctime.c.obj (.const:$O1$$)
                  00002d24    0000004c                                   : asctime.c.obj (.const:.string)

.cinit     0    00002d70    00000050     
                  00002d70    00000027     (.cinit..data.load) [load image, compression = lzss]
                  00002d97    00000001     --HOLE-- [fill = 0]
                  00002d98    0000000c     (__TI_handler_table)
                  00002da4    00000004     --HOLE-- [fill = 0]
                  00002da8    00000008     (.cinit..bss.load) [load image, compression = zero_init]
                  00002db0    00000010     (__TI_cinit_table)

.init_array 
*          0    00000000    00000000     UNINITIALIZED

.binit     0    00000000    00000000     

.bss       0    20000000    00000144     UNINITIALIZED
                  20000000    00000120     rtsv7M4_T_le_v4SPD16_eabi.lib : trgmsg.c.obj (.bss:_CIOBUF_)
                  20000120    0000001c                                   : asctime.c.obj (.bss:time_buf)
                  2000013c    00000008     (.common:parmbuf)

.data      0    20000144    00000048     UNINITIALIZED
                  20000144    00000024     rtsv7M4_T_le_v4SPD16_eabi.lib : localtim.c.obj (.data:local_tm)
                  20000168    00000010                                   : tmzone.c.obj (.data:_tz)
                  20000178    00000008                                   : _lock.c.obj (.data:$O1$$)
                  20000180    00000004     main.obj (.data)
                  20000184    00000004     rtsv7M4_T_le_v4SPD16_eabi.lib : errno.c.obj (.data)
                  20000188    00000004     system_msp432p401r.obj (.data)

.stack     0    2000fe00    00000200     UNINITIALIZED
                  2000fe00    00000004     rtsv7M4_T_le_v4SPD16_eabi.lib : boot_cortex_m.c.obj (.stack)
                  2000fe04    000001fc     --HOLE--

MODULE SUMMARY

       Module                        code    ro data   rw data
       ------                        ----    -------   -------
    .\
       system_msp432p401r.obj        820     0         8      
       uart.obj                      520     0         0      
       main.obj                      320     0         8      
       startup_msp432p401r_ccs.obj   14      228       0      
    +--+-----------------------------+-------+---------+---------+
       Total:                        1674    228       16     
                                                              
    C:\ti\ccs910\ccs\tools\compiler\ti-cgt-arm_18.12.3.LTS\lib\rtsv7M4_T_le_v4SPD16_eabi.lib
       _printfi.c.obj                4851    0         0      
       mktime.c.obj                  672     96        0      
       trgmsg.c.obj                  108     0         576    
       fd_add_t2.asm.obj             438     0         0      
       localtim.c.obj                308     0         72     
       asctime.c.obj                 108     152       56     
       fd_div_t2.asm.obj             310     0         0      
       s_scalbn.c.obj                272     0         0      
       fd_cmp_t2.asm.obj             268     0         0      
       ctype.c.obj                   0       257       0      
       fd_mul_t2.asm.obj             252     0         0      
       memcpy_t2.asm.obj             156     0         0      
       ull_div_t2.asm.obj            150     0         0      
       snprintf.c.obj                148     0         0      
       memset_t2.asm.obj             122     0         0      
       ll_div_t2.asm.obj             110     0         0      
       copy_decompress_lzss.c.obj    104     0         0      
       s_frexp.c.obj                 100     0         0      
       ltoa.c.obj                    84      0         0      
       atoi.c.obj                    76      0         0      
       fd_toi_t2.asm.obj             72      0         0      
       hosttime.c.obj                72      0         0      
       autoinit.c.obj                68      0         0      
       u_divt2.asm.obj               64      0         0      
       boot_cortex_m.c.obj           52      0         0      
       i_tofd_t2.asm.obj             46      0         0      
       tmzone.c.obj                  0       0         32     
       copy_zero_init.c.obj          28      0         0      
       memccpy.c.obj                 28      0         0      
       s_copysign.c.obj              26      0         0      
       strchr.c.obj                  22      0         0      
       strlen.c.obj                  20      0         0      
       _lock.c.obj                   2       0         16     
       wcslen.c.obj                  18      0         0      
       errno.c.obj                   8       0         8      
       hostopen.c.obj                0       0         16     
       copy_decompress_none.c.obj    14      0         0      
       time.c.obj                    14      0         0      
       ctime_.c.obj                  12      0         0      
       exit.c.obj                    4       0         0      
       pre_init.c.obj                4       0         0      
       div0.asm.obj                  2       0         0      
    +--+-----------------------------+-------+---------+---------+
       Total:                        9213    505       776    
                                                              
       Stack:                        0       0         1024   
       Linker Generated:             0       75        0      
    +--+-----------------------------+-------+---------+---------+
       Grand Total:                  10887   808       1816   


LINKER GENERATED COPY TABLES

__TI_cinit_table @ 00002db0 records: 2, size/record: 8, table size: 16
	.data: load addr=00002d70, load size=00000027 bytes, run addr=20000144, run size=00000048 bytes, compression=lzss
	.bss: load addr=00002da8, load size=00000008 bytes, run addr=20000000, run size=00000144 bytes, compression=zero_init


LINKER GENERATED HANDLER TABLE

__TI_handler_table @ 00002d98 records: 3, size/record: 4, table size: 12
	index: 0, handler: __TI_decompress_lzss
	index: 1, handler: __TI_decompress_none
	index: 2, handler: __TI_zero_init


GLOBAL SYMBOLS: SORTED ALPHABETICALLY BY Name 

address   name                          
-------   ----                          
00002b55  ADC14_IRQHandler              
00002b55  AES256_IRQHandler             
00002b55  BusFault_Handler              
00002b71  C$$EXIT                       
000029b7  C$$IO$$                       
00002b55  COMP_E0_IRQHandler            
00002b55  COMP_E1_IRQHandler            
00002b55  CS_IRQHandler                 
00002b55  DMA_ERR_IRQHandler            
00002b55  DMA_INT0_IRQHandler           
00002b55  DMA_INT1_IRQHandler           
00002b55  DMA_INT2_IRQHandler           
00002b55  DMA_INT3_IRQHandler           
00002b55  DebugMon_Handler              
00002b55  Default_Handler               
00002b55  EUSCIA0_IRQHandler            
00002b55  EUSCIA1_IRQHandler            
00002b55  EUSCIA2_IRQHandler            
00002b55  EUSCIA3_IRQHandler            
00002b55  EUSCIB0_IRQHandler            
00002b55  EUSCIB1_IRQHandler            
00002b55  EUSCIB2_IRQHandler            
00002b55  EUSCIB3_IRQHandler            
00002b55  FLCTL_IRQHandler              
00002b55  FPU_IRQHandler                
00002835  HOSTtime                      
00002b55  HardFault_Handler             
00002b55  MemManage_Handler             
00002b55  NMI_Handler                   
00002b55  PCM_IRQHandler                
00002b55  PORT1_IRQHandler              
00002b55  PORT2_IRQHandler              
00002b55  PORT3_IRQHandler              
00002b55  PORT4_IRQHandler              
00002b55  PORT5_IRQHandler              
00002b55  PORT6_IRQHandler              
00002b55  PSS_IRQHandler                
00002b55  PendSV_Handler                
00002b55  RTC_C_IRQHandler              
00002b49  Reset_Handler                 
00002b55  SVC_Handler                   
00002b55  SysTick_Handler               
20000188  SystemCoreClock               
00000b35  SystemCoreClockUpdate         
00000dad  SystemInit                    
00002b55  T32_INT1_IRQHandler           
00002b55  T32_INT2_IRQHandler           
00002b55  T32_INTC_IRQHandler           
00002b55  TA0_0_IRQHandler              
00002b55  TA0_N_IRQHandler              
00002b55  TA1_0_IRQHandler              
00002b55  TA1_N_IRQHandler              
00002b55  TA2_0_IRQHandler              
00002b55  TA2_N_IRQHandler              
00002b55  TA3_0_IRQHandler              
00002b55  TA3_N_IRQHandler              
00002b55  UsageFault_Handler            
4000480c  WDTCTL_SYM                    
00002b55  WDT_A_IRQHandler              
20000000  __CIOBUF_                     
20010000  __STACK_END                   
00000200  __STACK_SIZE                  
00002db0  __TI_CINIT_Base               
00002dc0  __TI_CINIT_Limit              
00002d98  __TI_Handler_Table_Base       
00002da4  __TI_Handler_Table_Limit      
000028c5  __TI_auto_init_nobinit_nopinit
000025d5  __TI_decompress_lzss          
00002b3b  __TI_decompress_none          
ffffffff  __TI_pprof_out_hndl           
000000e5  __TI_printfi                  
ffffffff  __TI_prof_data_size           
ffffffff  __TI_prof_data_start          
000029c1  __TI_readmsg                  
00000000  __TI_static_base__            
00002989  __TI_writemsg                 
00002a87  __TI_zero_init_nomemset       
00002305  __aeabi_cdcmpeq               
00002305  __aeabi_cdcmple               
0000238b  __aeabi_cdrcmple              
0000287d  __aeabi_d2iz                  
0000175b  __aeabi_dadd                  
00001b85  __aeabi_ddiv                  
00002025  __aeabi_dmul                  
00001751  __aeabi_dsub                  
00002b65  __aeabi_errno_addr            
00002a59  __aeabi_i2d                   
00001907  __aeabi_idiv0                 
00001907  __aeabi_ldiv0                 
000024f9  __aeabi_ldivmod               
00002411  __aeabi_memclr                
00002411  __aeabi_memclr4               
00002411  __aeabi_memclr8               
000021d3  __aeabi_memcpy                
000021d3  __aeabi_memcpy4               
000021d3  __aeabi_memcpy8               
00002413  __aeabi_memset                
00002413  __aeabi_memset4               
00002413  __aeabi_memset8               
00002909  __aeabi_uidiv                 
00002909  __aeabi_uidivmod              
0000226f  __aeabi_uldivmod              
ffffffff  __binit__                     
ffffffff  __c_args__                    
00002b57  __ctime32                     
00001cbd  __localtime32                 
00000e69  __mktime32                    
UNDEFED   __mpu_init                    
2000fe00  __stack                       
00002b2d  __time32                      
000029f5  _c_int00_noargs               
00002b74  _ctypes_                      
20000178  _lock                         
00000b33  _nop                          
UNDEFED   _system_post_cinit            
00002b6d  _system_pre_init              
20000168  _tz                           
2000017c  _unlock                       
00002b71  abort                         
00002569  asctime                       
0000279d  atoi                          
ffffffff  binit                         
20000180  buttonState                   
00001519  clear_display                 
00002abf  copysign                      
00002abf  copysignl                     
00002b57  ctime                         
00001379  delay                         
20000184  errno                         
0000263d  frexp                         
0000263d  frexpl                        
0000139d  initUART                      
00000000  interruptVectors              
00001f15  ldexp                         
00001f15  ldexpl                        
00001cbd  localtime                     
000026f7  ltoa                          
00001945  main                          
00002aa3  memccpy                       
000021d3  memcpy                        
00002419  memset                        
00000e69  mktime                        
2000013c  parmbuf                       
00001f15  scalbn                        
00001f15  scalbnl                       
000014f3  send_setting                  
00001531  setBit                        
00001909  setGates                      
000027e9  snprintf                      
00002af1  strchr                        
00002b07  strlen                        
00002b2d  time                          
00001523  uart_busy                     
000014c3  uart_print                    
000014a5  uart_transmit                 
00002b1b  wcslen                        


GLOBAL SYMBOLS: SORTED BY Symbol Address 

address   name                          
-------   ----                          
00000000  __TI_static_base__            
00000000  interruptVectors              
000000e5  __TI_printfi                  
00000200  __STACK_SIZE                  
00000b33  _nop                          
00000b35  SystemCoreClockUpdate         
00000dad  SystemInit                    
00000e69  __mktime32                    
00000e69  mktime                        
00001379  delay                         
0000139d  initUART                      
000014a5  uart_transmit                 
000014c3  uart_print                    
000014f3  send_setting                  
00001519  clear_display                 
00001523  uart_busy                     
00001531  setBit                        
00001751  __aeabi_dsub                  
0000175b  __aeabi_dadd                  
00001907  __aeabi_idiv0                 
00001907  __aeabi_ldiv0                 
00001909  setGates                      
00001945  main                          
00001b85  __aeabi_ddiv                  
00001cbd  __localtime32                 
00001cbd  localtime                     
00001f15  ldexp                         
00001f15  ldexpl                        
00001f15  scalbn                        
00001f15  scalbnl                       
00002025  __aeabi_dmul                  
000021d3  __aeabi_memcpy                
000021d3  __aeabi_memcpy4               
000021d3  __aeabi_memcpy8               
000021d3  memcpy                        
0000226f  __aeabi_uldivmod              
00002305  __aeabi_cdcmpeq               
00002305  __aeabi_cdcmple               
0000238b  __aeabi_cdrcmple              
00002411  __aeabi_memclr                
00002411  __aeabi_memclr4               
00002411  __aeabi_memclr8               
00002413  __aeabi_memset                
00002413  __aeabi_memset4               
00002413  __aeabi_memset8               
00002419  memset                        
000024f9  __aeabi_ldivmod               
00002569  asctime                       
000025d5  __TI_decompress_lzss          
0000263d  frexp                         
0000263d  frexpl                        
000026f7  ltoa                          
0000279d  atoi                          
000027e9  snprintf                      
00002835  HOSTtime                      
0000287d  __aeabi_d2iz                  
000028c5  __TI_auto_init_nobinit_nopinit
00002909  __aeabi_uidiv                 
00002909  __aeabi_uidivmod              
00002989  __TI_writemsg                 
000029b7  C$$IO$$                       
000029c1  __TI_readmsg                  
000029f5  _c_int00_noargs               
00002a59  __aeabi_i2d                   
00002a87  __TI_zero_init_nomemset       
00002aa3  memccpy                       
00002abf  copysign                      
00002abf  copysignl                     
00002af1  strchr                        
00002b07  strlen                        
00002b1b  wcslen                        
00002b2d  __time32                      
00002b2d  time                          
00002b3b  __TI_decompress_none          
00002b49  Reset_Handler                 
00002b55  ADC14_IRQHandler              
00002b55  AES256_IRQHandler             
00002b55  BusFault_Handler              
00002b55  COMP_E0_IRQHandler            
00002b55  COMP_E1_IRQHandler            
00002b55  CS_IRQHandler                 
00002b55  DMA_ERR_IRQHandler            
00002b55  DMA_INT0_IRQHandler           
00002b55  DMA_INT1_IRQHandler           
00002b55  DMA_INT2_IRQHandler           
00002b55  DMA_INT3_IRQHandler           
00002b55  DebugMon_Handler              
00002b55  Default_Handler               
00002b55  EUSCIA0_IRQHandler            
00002b55  EUSCIA1_IRQHandler            
00002b55  EUSCIA2_IRQHandler            
00002b55  EUSCIA3_IRQHandler            
00002b55  EUSCIB0_IRQHandler            
00002b55  EUSCIB1_IRQHandler            
00002b55  EUSCIB2_IRQHandler            
00002b55  EUSCIB3_IRQHandler            
00002b55  FLCTL_IRQHandler              
00002b55  FPU_IRQHandler                
00002b55  HardFault_Handler             
00002b55  MemManage_Handler             
00002b55  NMI_Handler                   
00002b55  PCM_IRQHandler                
00002b55  PORT1_IRQHandler              
00002b55  PORT2_IRQHandler              
00002b55  PORT3_IRQHandler              
00002b55  PORT4_IRQHandler              
00002b55  PORT5_IRQHandler              
00002b55  PORT6_IRQHandler              
00002b55  PSS_IRQHandler                
00002b55  PendSV_Handler                
00002b55  RTC_C_IRQHandler              
00002b55  SVC_Handler                   
00002b55  SysTick_Handler               
00002b55  T32_INT1_IRQHandler           
00002b55  T32_INT2_IRQHandler           
00002b55  T32_INTC_IRQHandler           
00002b55  TA0_0_IRQHandler              
00002b55  TA0_N_IRQHandler              
00002b55  TA1_0_IRQHandler              
00002b55  TA1_N_IRQHandler              
00002b55  TA2_0_IRQHandler              
00002b55  TA2_N_IRQHandler              
00002b55  TA3_0_IRQHandler              
00002b55  TA3_N_IRQHandler              
00002b55  UsageFault_Handler            
00002b55  WDT_A_IRQHandler              
00002b57  __ctime32                     
00002b57  ctime                         
00002b65  __aeabi_errno_addr            
00002b6d  _system_pre_init              
00002b71  C$$EXIT                       
00002b71  abort                         
00002b74  _ctypes_                      
00002d98  __TI_Handler_Table_Base       
00002da4  __TI_Handler_Table_Limit      
00002db0  __TI_CINIT_Base               
00002dc0  __TI_CINIT_Limit              
20000000  __CIOBUF_                     
2000013c  parmbuf                       
20000168  _tz                           
20000178  _lock                         
2000017c  _unlock                       
20000180  buttonState                   
20000184  errno                         
20000188  SystemCoreClock               
2000fe00  __stack                       
20010000  __STACK_END                   
4000480c  WDTCTL_SYM                    
ffffffff  __TI_pprof_out_hndl           
ffffffff  __TI_prof_data_size           
ffffffff  __TI_prof_data_start          
ffffffff  __binit__                     
ffffffff  __c_args__                    
ffffffff  binit                         
UNDEFED   __mpu_init                    
UNDEFED   _system_post_cinit            

[156 symbols]
