<?xml version="1.0" encoding="ISO-8859-1" ?>
<link_info>
   <banner>TI ARM Linker PC v18.12.3.LTS</banner>
   <copyright>Copyright (c) 1996-2018 Texas Instruments Incorporated</copyright>
   <link_time>0x5df57779</link_time>
   <link_errors>0x0</link_errors>
   <output_file>FinalProjectFull.out</output_file>
   <entry_point>
      <name>_c_int00_noargs</name>
      <address>0x29f5</address>
   </entry_point>
   <input_file_list>
      <input_file id="fl-2">
         <path>.\</path>
         <kind>object</kind>
         <file>main.obj</file>
         <name>main.obj</name>
      </input_file>
      <input_file id="fl-3">
         <path>.\</path>
         <kind>object</kind>
         <file>startup_msp432p401r_ccs.obj</file>
         <name>startup_msp432p401r_ccs.obj</name>
      </input_file>
      <input_file id="fl-4">
         <path>.\</path>
         <kind>object</kind>
         <file>system_msp432p401r.obj</file>
         <name>system_msp432p401r.obj</name>
      </input_file>
      <input_file id="fl-5">
         <path>.\</path>
         <kind>object</kind>
         <file>uart.obj</file>
         <name>uart.obj</name>
      </input_file>
      <input_file id="fl-9">
         <kind>object</kind>
         <file>&lt;internal&gt;</file>
         <name>&lt;internal&gt;</name>
      </input_file>
      <input_file id="fl-bf">
         <path>C:\ti\ccs910\ccs\tools\compiler\ti-cgt-arm_18.12.3.LTS\lib\</path>
         <kind>archive</kind>
         <file>rtsv7M4_T_le_v4SPD16_eabi.lib</file>
         <name>copy_zero_init.c.obj</name>
      </input_file>
      <input_file id="fl-c0">
         <path>C:\ti\ccs910\ccs\tools\compiler\ti-cgt-arm_18.12.3.LTS\lib\</path>
         <kind>archive</kind>
         <file>rtsv7M4_T_le_v4SPD16_eabi.lib</file>
         <name>copy_decompress_none.c.obj</name>
      </input_file>
      <input_file id="fl-c1">
         <path>C:\ti\ccs910\ccs\tools\compiler\ti-cgt-arm_18.12.3.LTS\lib\</path>
         <kind>archive</kind>
         <file>rtsv7M4_T_le_v4SPD16_eabi.lib</file>
         <name>copy_decompress_lzss.c.obj</name>
      </input_file>
      <input_file id="fl-c2">
         <path>C:\ti\ccs910\ccs\tools\compiler\ti-cgt-arm_18.12.3.LTS\lib\</path>
         <kind>archive</kind>
         <file>rtsv7M4_T_le_v4SPD16_eabi.lib</file>
         <name>ctime_.c.obj</name>
      </input_file>
      <input_file id="fl-c3">
         <path>C:\ti\ccs910\ccs\tools\compiler\ti-cgt-arm_18.12.3.LTS\lib\</path>
         <kind>archive</kind>
         <file>rtsv7M4_T_le_v4SPD16_eabi.lib</file>
         <name>localtim.c.obj</name>
      </input_file>
      <input_file id="fl-c4">
         <path>C:\ti\ccs910\ccs\tools\compiler\ti-cgt-arm_18.12.3.LTS\lib\</path>
         <kind>archive</kind>
         <file>rtsv7M4_T_le_v4SPD16_eabi.lib</file>
         <name>mktime.c.obj</name>
      </input_file>
      <input_file id="fl-c5">
         <path>C:\ti\ccs910\ccs\tools\compiler\ti-cgt-arm_18.12.3.LTS\lib\</path>
         <kind>archive</kind>
         <file>rtsv7M4_T_le_v4SPD16_eabi.lib</file>
         <name>strlen.c.obj</name>
      </input_file>
      <input_file id="fl-c6">
         <path>C:\ti\ccs910\ccs\tools\compiler\ti-cgt-arm_18.12.3.LTS\lib\</path>
         <kind>archive</kind>
         <file>rtsv7M4_T_le_v4SPD16_eabi.lib</file>
         <name>tmzone.c.obj</name>
      </input_file>
      <input_file id="fl-c7">
         <path>C:\ti\ccs910\ccs\tools\compiler\ti-cgt-arm_18.12.3.LTS\lib\</path>
         <kind>archive</kind>
         <file>rtsv7M4_T_le_v4SPD16_eabi.lib</file>
         <name>time.c.obj</name>
      </input_file>
      <input_file id="fl-c8">
         <path>C:\ti\ccs910\ccs\tools\compiler\ti-cgt-arm_18.12.3.LTS\lib\</path>
         <kind>archive</kind>
         <file>rtsv7M4_T_le_v4SPD16_eabi.lib</file>
         <name>boot_cortex_m.c.obj</name>
      </input_file>
      <input_file id="fl-c9">
         <path>C:\ti\ccs910\ccs\tools\compiler\ti-cgt-arm_18.12.3.LTS\lib\</path>
         <kind>archive</kind>
         <file>rtsv7M4_T_le_v4SPD16_eabi.lib</file>
         <name>ll_div_t2.asm.obj</name>
      </input_file>
      <input_file id="fl-ca">
         <path>C:\ti\ccs910\ccs\tools\compiler\ti-cgt-arm_18.12.3.LTS\lib\</path>
         <kind>archive</kind>
         <file>rtsv7M4_T_le_v4SPD16_eabi.lib</file>
         <name>ull_div_t2.asm.obj</name>
      </input_file>
      <input_file id="fl-cb">
         <path>C:\ti\ccs910\ccs\tools\compiler\ti-cgt-arm_18.12.3.LTS\lib\</path>
         <kind>archive</kind>
         <file>rtsv7M4_T_le_v4SPD16_eabi.lib</file>
         <name>memset_t2.asm.obj</name>
      </input_file>
      <input_file id="fl-cc">
         <path>C:\ti\ccs910\ccs\tools\compiler\ti-cgt-arm_18.12.3.LTS\lib\</path>
         <kind>archive</kind>
         <file>rtsv7M4_T_le_v4SPD16_eabi.lib</file>
         <name>memcpy_t2.asm.obj</name>
      </input_file>
      <input_file id="fl-cd">
         <path>C:\ti\ccs910\ccs\tools\compiler\ti-cgt-arm_18.12.3.LTS\lib\</path>
         <kind>archive</kind>
         <file>rtsv7M4_T_le_v4SPD16_eabi.lib</file>
         <name>u_divt2.asm.obj</name>
      </input_file>
      <input_file id="fl-ce">
         <path>C:\ti\ccs910\ccs\tools\compiler\ti-cgt-arm_18.12.3.LTS\lib\</path>
         <kind>archive</kind>
         <file>rtsv7M4_T_le_v4SPD16_eabi.lib</file>
         <name>autoinit.c.obj</name>
      </input_file>
      <input_file id="fl-cf">
         <path>C:\ti\ccs910\ccs\tools\compiler\ti-cgt-arm_18.12.3.LTS\lib\</path>
         <kind>archive</kind>
         <file>rtsv7M4_T_le_v4SPD16_eabi.lib</file>
         <name>pre_init.c.obj</name>
      </input_file>
      <input_file id="fl-d0">
         <path>C:\ti\ccs910\ccs\tools\compiler\ti-cgt-arm_18.12.3.LTS\lib\</path>
         <kind>archive</kind>
         <file>rtsv7M4_T_le_v4SPD16_eabi.lib</file>
         <name>cpy_tbl.c.obj</name>
      </input_file>
      <input_file id="fl-d1">
         <path>C:\ti\ccs910\ccs\tools\compiler\ti-cgt-arm_18.12.3.LTS\lib\</path>
         <kind>archive</kind>
         <file>rtsv7M4_T_le_v4SPD16_eabi.lib</file>
         <name>exit.c.obj</name>
      </input_file>
      <input_file id="fl-d2">
         <path>C:\ti\ccs910\ccs\tools\compiler\ti-cgt-arm_18.12.3.LTS\lib\</path>
         <kind>archive</kind>
         <file>rtsv7M4_T_le_v4SPD16_eabi.lib</file>
         <name>_lock.c.obj</name>
      </input_file>
      <input_file id="fl-d3">
         <path>C:\ti\ccs910\ccs\tools\compiler\ti-cgt-arm_18.12.3.LTS\lib\</path>
         <kind>archive</kind>
         <file>rtsv7M4_T_le_v4SPD16_eabi.lib</file>
         <name>args_main.c.obj</name>
      </input_file>
      <input_file id="fl-d4">
         <path>C:\ti\ccs910\ccs\tools\compiler\ti-cgt-arm_18.12.3.LTS\lib\</path>
         <kind>archive</kind>
         <file>rtsv7M4_T_le_v4SPD16_eabi.lib</file>
         <name>asctime.c.obj</name>
      </input_file>
      <input_file id="fl-d5">
         <path>C:\ti\ccs910\ccs\tools\compiler\ti-cgt-arm_18.12.3.LTS\lib\</path>
         <kind>archive</kind>
         <file>rtsv7M4_T_le_v4SPD16_eabi.lib</file>
         <name>hosttime.c.obj</name>
      </input_file>
      <input_file id="fl-d6">
         <path>C:\ti\ccs910\ccs\tools\compiler\ti-cgt-arm_18.12.3.LTS\lib\</path>
         <kind>archive</kind>
         <file>rtsv7M4_T_le_v4SPD16_eabi.lib</file>
         <name>trgmsg.c.obj</name>
      </input_file>
      <input_file id="fl-d7">
         <path>C:\ti\ccs910\ccs\tools\compiler\ti-cgt-arm_18.12.3.LTS\lib\</path>
         <kind>archive</kind>
         <file>rtsv7M4_T_le_v4SPD16_eabi.lib</file>
         <name>snprintf.c.obj</name>
      </input_file>
      <input_file id="fl-d8">
         <path>C:\ti\ccs910\ccs\tools\compiler\ti-cgt-arm_18.12.3.LTS\lib\</path>
         <kind>archive</kind>
         <file>rtsv7M4_T_le_v4SPD16_eabi.lib</file>
         <name>div0.asm.obj</name>
      </input_file>
      <input_file id="fl-d9">
         <path>C:\ti\ccs910\ccs\tools\compiler\ti-cgt-arm_18.12.3.LTS\lib\</path>
         <kind>archive</kind>
         <file>rtsv7M4_T_le_v4SPD16_eabi.lib</file>
         <name>hostopen.c.obj</name>
      </input_file>
      <input_file id="fl-da">
         <path>C:\ti\ccs910\ccs\tools\compiler\ti-cgt-arm_18.12.3.LTS\lib\</path>
         <kind>archive</kind>
         <file>rtsv7M4_T_le_v4SPD16_eabi.lib</file>
         <name>_printfi.c.obj</name>
      </input_file>
      <input_file id="fl-db">
         <path>C:\ti\ccs910\ccs\tools\compiler\ti-cgt-arm_18.12.3.LTS\lib\</path>
         <kind>archive</kind>
         <file>rtsv7M4_T_le_v4SPD16_eabi.lib</file>
         <name>wcslen.c.obj</name>
      </input_file>
      <input_file id="fl-dc">
         <path>C:\ti\ccs910\ccs\tools\compiler\ti-cgt-arm_18.12.3.LTS\lib\</path>
         <kind>archive</kind>
         <file>rtsv7M4_T_le_v4SPD16_eabi.lib</file>
         <name>fd_add_t2.asm.obj</name>
      </input_file>
      <input_file id="fl-dd">
         <path>C:\ti\ccs910\ccs\tools\compiler\ti-cgt-arm_18.12.3.LTS\lib\</path>
         <kind>archive</kind>
         <file>rtsv7M4_T_le_v4SPD16_eabi.lib</file>
         <name>fd_cmp_t2.asm.obj</name>
      </input_file>
      <input_file id="fl-de">
         <path>C:\ti\ccs910\ccs\tools\compiler\ti-cgt-arm_18.12.3.LTS\lib\</path>
         <kind>archive</kind>
         <file>rtsv7M4_T_le_v4SPD16_eabi.lib</file>
         <name>fd_div_t2.asm.obj</name>
      </input_file>
      <input_file id="fl-df">
         <path>C:\ti\ccs910\ccs\tools\compiler\ti-cgt-arm_18.12.3.LTS\lib\</path>
         <kind>archive</kind>
         <file>rtsv7M4_T_le_v4SPD16_eabi.lib</file>
         <name>fd_mul_t2.asm.obj</name>
      </input_file>
      <input_file id="fl-e0">
         <path>C:\ti\ccs910\ccs\tools\compiler\ti-cgt-arm_18.12.3.LTS\lib\</path>
         <kind>archive</kind>
         <file>rtsv7M4_T_le_v4SPD16_eabi.lib</file>
         <name>fd_toi_t2.asm.obj</name>
      </input_file>
      <input_file id="fl-e1">
         <path>C:\ti\ccs910\ccs\tools\compiler\ti-cgt-arm_18.12.3.LTS\lib\</path>
         <kind>archive</kind>
         <file>rtsv7M4_T_le_v4SPD16_eabi.lib</file>
         <name>i_tofd_t2.asm.obj</name>
      </input_file>
      <input_file id="fl-e2">
         <path>C:\ti\ccs910\ccs\tools\compiler\ti-cgt-arm_18.12.3.LTS\lib\</path>
         <kind>archive</kind>
         <file>rtsv7M4_T_le_v4SPD16_eabi.lib</file>
         <name>atoi.c.obj</name>
      </input_file>
      <input_file id="fl-e3">
         <path>C:\ti\ccs910\ccs\tools\compiler\ti-cgt-arm_18.12.3.LTS\lib\</path>
         <kind>archive</kind>
         <file>rtsv7M4_T_le_v4SPD16_eabi.lib</file>
         <name>ctype.c.obj</name>
      </input_file>
      <input_file id="fl-e4">
         <path>C:\ti\ccs910\ccs\tools\compiler\ti-cgt-arm_18.12.3.LTS\lib\</path>
         <kind>archive</kind>
         <file>rtsv7M4_T_le_v4SPD16_eabi.lib</file>
         <name>ltoa.c.obj</name>
      </input_file>
      <input_file id="fl-e5">
         <path>C:\ti\ccs910\ccs\tools\compiler\ti-cgt-arm_18.12.3.LTS\lib\</path>
         <kind>archive</kind>
         <file>rtsv7M4_T_le_v4SPD16_eabi.lib</file>
         <name>memccpy.c.obj</name>
      </input_file>
      <input_file id="fl-e6">
         <path>C:\ti\ccs910\ccs\tools\compiler\ti-cgt-arm_18.12.3.LTS\lib\</path>
         <kind>archive</kind>
         <file>rtsv7M4_T_le_v4SPD16_eabi.lib</file>
         <name>strchr.c.obj</name>
      </input_file>
      <input_file id="fl-e7">
         <path>C:\ti\ccs910\ccs\tools\compiler\ti-cgt-arm_18.12.3.LTS\lib\</path>
         <kind>archive</kind>
         <file>rtsv7M4_T_le_v4SPD16_eabi.lib</file>
         <name>errno.c.obj</name>
      </input_file>
      <input_file id="fl-e8">
         <path>C:\ti\ccs910\ccs\tools\compiler\ti-cgt-arm_18.12.3.LTS\lib\</path>
         <kind>archive</kind>
         <file>rtsv7M4_T_le_v4SPD16_eabi.lib</file>
         <name>s_frexp.c.obj</name>
      </input_file>
      <input_file id="fl-e9">
         <path>C:\ti\ccs910\ccs\tools\compiler\ti-cgt-arm_18.12.3.LTS\lib\</path>
         <kind>archive</kind>
         <file>rtsv7M4_T_le_v4SPD16_eabi.lib</file>
         <name>s_scalbn.c.obj</name>
      </input_file>
      <input_file id="fl-ea">
         <path>C:\ti\ccs910\ccs\tools\compiler\ti-cgt-arm_18.12.3.LTS\lib\</path>
         <kind>archive</kind>
         <file>rtsv7M4_T_le_v4SPD16_eabi.lib</file>
         <name>s_copysign.c.obj</name>
      </input_file>
   </input_file_list>
   <object_component_list>
      <object_component id="oc-23">
         <name>.intvecs:retain</name>
         <load_address>0x0</load_address>
         <run_address>0x0</run_address>
         <size>0xe4</size>
         <input_file_ref idref="fl-3"/>
      </object_component>
      <object_component id="oc-21f">
         <name>.text:__TI_printfi</name>
         <load_address>0xe4</load_address>
         <run_address>0xe4</run_address>
         <size>0xa4e</size>
         <input_file_ref idref="fl-da"/>
      </object_component>
      <object_component id="oc-1d5">
         <name>.text:_nop</name>
         <load_address>0xb32</load_address>
         <run_address>0xb32</run_address>
         <size>0x2</size>
         <input_file_ref idref="fl-d2"/>
      </object_component>
      <object_component id="oc-a2">
         <name>.text</name>
         <load_address>0xb34</load_address>
         <run_address>0xb34</run_address>
         <size>0x334</size>
         <input_file_ref idref="fl-4"/>
      </object_component>
      <object_component id="oc-1aa">
         <name>.text:__mktime32</name>
         <load_address>0xe68</load_address>
         <run_address>0xe68</run_address>
         <size>0x2a0</size>
         <input_file_ref idref="fl-c4"/>
      </object_component>
      <object_component id="oc-290">
         <name>.text:_pconv_a</name>
         <load_address>0x1108</load_address>
         <run_address>0x1108</run_address>
         <size>0x270</size>
         <input_file_ref idref="fl-da"/>
      </object_component>
      <object_component id="oc-c0">
         <name>.text</name>
         <load_address>0x1378</load_address>
         <run_address>0x1378</run_address>
         <size>0x208</size>
         <input_file_ref idref="fl-5"/>
      </object_component>
      <object_component id="oc-27e">
         <name>.text:_pconv_g</name>
         <load_address>0x1580</load_address>
         <run_address>0x1580</run_address>
         <size>0x1d0</size>
         <input_file_ref idref="fl-da"/>
      </object_component>
      <object_component id="oc-2e1">
         <name>.text</name>
         <load_address>0x1750</load_address>
         <run_address>0x1750</run_address>
         <size>0x1b6</size>
         <input_file_ref idref="fl-dc"/>
      </object_component>
      <object_component id="oc-203">
         <name>.text</name>
         <load_address>0x1906</load_address>
         <run_address>0x1906</run_address>
         <size>0x2</size>
         <input_file_ref idref="fl-d8"/>
      </object_component>
      <object_component id="oc-90">
         <name>.text</name>
         <load_address>0x1908</load_address>
         <run_address>0x1908</run_address>
         <size>0x140</size>
         <input_file_ref idref="fl-2"/>
      </object_component>
      <object_component id="oc-28a">
         <name>.text:_pconv_e</name>
         <load_address>0x1a48</load_address>
         <run_address>0x1a48</run_address>
         <size>0x13c</size>
         <input_file_ref idref="fl-da"/>
      </object_component>
      <object_component id="oc-2c7">
         <name>.text</name>
         <load_address>0x1b84</load_address>
         <run_address>0x1b84</run_address>
         <size>0x136</size>
         <input_file_ref idref="fl-de"/>
      </object_component>
      <object_component id="oc-142">
         <name>.text:__localtime32</name>
         <load_address>0x1cbc</load_address>
         <run_address>0x1cbc</run_address>
         <size>0x134</size>
         <input_file_ref idref="fl-c3"/>
      </object_component>
      <object_component id="oc-2f3">
         <name>.text:fcvt</name>
         <load_address>0x1df0</load_address>
         <run_address>0x1df0</run_address>
         <size>0x124</size>
         <input_file_ref idref="fl-da"/>
      </object_component>
      <object_component id="oc-307">
         <name>.text:scalbn</name>
         <load_address>0x1f14</load_address>
         <run_address>0x1f14</run_address>
         <size>0x110</size>
         <input_file_ref idref="fl-e9"/>
      </object_component>
      <object_component id="oc-2c2">
         <name>.text</name>
         <load_address>0x2024</load_address>
         <run_address>0x2024</run_address>
         <size>0xfc</size>
         <input_file_ref idref="fl-df"/>
      </object_component>
      <object_component id="oc-273">
         <name>.text:_ltostr</name>
         <load_address>0x2120</load_address>
         <run_address>0x2120</run_address>
         <size>0xb1</size>
         <input_file_ref idref="fl-da"/>
      </object_component>
      <object_component id="oc-34">
         <name>.text</name>
         <load_address>0x21d2</load_address>
         <run_address>0x21d2</run_address>
         <size>0x9c</size>
         <input_file_ref idref="fl-cc"/>
      </object_component>
      <object_component id="oc-262">
         <name>.text</name>
         <load_address>0x226e</load_address>
         <run_address>0x226e</run_address>
         <size>0x96</size>
         <input_file_ref idref="fl-ca"/>
      </object_component>
      <object_component id="oc-279">
         <name>.text:__aeabi_cdcmple</name>
         <load_address>0x2304</load_address>
         <run_address>0x2304</run_address>
         <size>0x86</size>
         <input_file_ref idref="fl-dd"/>
      </object_component>
      <object_component id="oc-2cc">
         <name>.text:__aeabi_cdrcmple</name>
         <load_address>0x238a</load_address>
         <run_address>0x238a</run_address>
         <size>0x86</size>
         <input_file_ref idref="fl-dd"/>
      </object_component>
      <object_component id="oc-84">
         <name>.text</name>
         <load_address>0x2410</load_address>
         <run_address>0x2410</run_address>
         <size>0x7a</size>
         <input_file_ref idref="fl-cb"/>
      </object_component>
      <object_component id="oc-2ec">
         <name>.text:_mcpy</name>
         <load_address>0x248a</load_address>
         <run_address>0x248a</run_address>
         <size>0x6e</size>
         <input_file_ref idref="fl-da"/>
      </object_component>
      <object_component id="oc-209">
         <name>.text</name>
         <load_address>0x24f8</load_address>
         <run_address>0x24f8</run_address>
         <size>0x6e</size>
         <input_file_ref idref="fl-c9"/>
      </object_component>
      <object_component id="oc-148">
         <name>.text:asctime</name>
         <load_address>0x2568</load_address>
         <run_address>0x2568</run_address>
         <size>0x6c</size>
         <input_file_ref idref="fl-d4"/>
      </object_component>
      <object_component id="oc-14">
         <name>.text:decompress:lzss:__TI_decompress_lzss</name>
         <load_address>0x25d4</load_address>
         <run_address>0x25d4</run_address>
         <size>0x68</size>
         <input_file_ref idref="fl-c1"/>
      </object_component>
      <object_component id="oc-301">
         <name>.text:frexp</name>
         <load_address>0x263c</load_address>
         <run_address>0x263c</run_address>
         <size>0x64</size>
         <input_file_ref idref="fl-e8"/>
      </object_component>
      <object_component id="oc-284">
         <name>.text:_pconv_f</name>
         <load_address>0x26a0</load_address>
         <run_address>0x26a0</run_address>
         <size>0x56</size>
         <input_file_ref idref="fl-da"/>
      </object_component>
      <object_component id="oc-2d6">
         <name>.text:ltoa</name>
         <load_address>0x26f6</load_address>
         <run_address>0x26f6</run_address>
         <size>0x54</size>
         <input_file_ref idref="fl-e4"/>
      </object_component>
      <object_component id="oc-2e6">
         <name>.text:_ecpy</name>
         <load_address>0x274a</load_address>
         <run_address>0x274a</run_address>
         <size>0x52</size>
         <input_file_ref idref="fl-da"/>
      </object_component>
      <object_component id="oc-26d">
         <name>.text:atoi</name>
         <load_address>0x279c</load_address>
         <run_address>0x279c</run_address>
         <size>0x4c</size>
         <input_file_ref idref="fl-e2"/>
      </object_component>
      <object_component id="oc-1bd">
         <name>.text:snprintf</name>
         <load_address>0x27e8</load_address>
         <run_address>0x27e8</run_address>
         <size>0x4c</size>
         <input_file_ref idref="fl-d7"/>
      </object_component>
      <object_component id="oc-135">
         <name>.text:HOSTtime</name>
         <load_address>0x2834</load_address>
         <run_address>0x2834</run_address>
         <size>0x48</size>
         <input_file_ref idref="fl-d5"/>
      </object_component>
      <object_component id="oc-2d1">
         <name>.text</name>
         <load_address>0x287c</load_address>
         <run_address>0x287c</run_address>
         <size>0x48</size>
         <input_file_ref idref="fl-e0"/>
      </object_component>
      <object_component id="oc-e8">
         <name>.text:__TI_auto_init_nobinit_nopinit:__TI_auto_init_nobinit_nopinit</name>
         <load_address>0x28c4</load_address>
         <run_address>0x28c4</run_address>
         <size>0x44</size>
         <input_file_ref idref="fl-ce"/>
      </object_component>
      <object_component id="oc-1a5">
         <name>.text</name>
         <load_address>0x2908</load_address>
         <run_address>0x2908</run_address>
         <size>0x40</size>
         <input_file_ref idref="fl-cd"/>
      </object_component>
      <object_component id="oc-2f9">
         <name>.text:_fcpy</name>
         <load_address>0x2948</load_address>
         <run_address>0x2948</run_address>
         <size>0x3e</size>
         <input_file_ref idref="fl-da"/>
      </object_component>
      <object_component id="oc-189">
         <name>.text:__TI_writemsg</name>
         <load_address>0x2988</load_address>
         <run_address>0x2988</run_address>
         <size>0x38</size>
         <input_file_ref idref="fl-d6"/>
      </object_component>
      <object_component id="oc-18f">
         <name>.text:__TI_readmsg</name>
         <load_address>0x29c0</load_address>
         <run_address>0x29c0</run_address>
         <size>0x34</size>
         <input_file_ref idref="fl-d6"/>
      </object_component>
      <object_component id="oc-52">
         <name>.text:_c_int00_noargs:_c_int00_noargs</name>
         <load_address>0x29f4</load_address>
         <run_address>0x29f4</run_address>
         <size>0x34</size>
         <input_file_ref idref="fl-c8"/>
      </object_component>
      <object_component id="oc-225">
         <name>.text:_outs</name>
         <load_address>0x2a28</load_address>
         <run_address>0x2a28</run_address>
         <size>0x30</size>
         <input_file_ref idref="fl-d7"/>
      </object_component>
      <object_component id="oc-2dc">
         <name>.text</name>
         <load_address>0x2a58</load_address>
         <run_address>0x2a58</run_address>
         <size>0x2e</size>
         <input_file_ref idref="fl-e1"/>
      </object_component>
      <object_component id="oc-40">
         <name>.text:decompress:ZI:__TI_zero_init_nomemset:__TI_zero_init_nomemset</name>
         <load_address>0x2a86</load_address>
         <run_address>0x2a86</run_address>
         <size>0x1c</size>
         <input_file_ref idref="fl-bf"/>
      </object_component>
      <object_component id="oc-296">
         <name>.text:memccpy</name>
         <load_address>0x2aa2</load_address>
         <run_address>0x2aa2</run_address>
         <size>0x1c</size>
         <input_file_ref idref="fl-e5"/>
      </object_component>
      <object_component id="oc-346">
         <name>.text:copysign</name>
         <load_address>0x2abe</load_address>
         <run_address>0x2abe</run_address>
         <size>0x1a</size>
         <input_file_ref idref="fl-ea"/>
      </object_component>
      <object_component id="oc-22b">
         <name>.text:_outc</name>
         <load_address>0x2ad8</load_address>
         <run_address>0x2ad8</run_address>
         <size>0x18</size>
         <input_file_ref idref="fl-d7"/>
      </object_component>
      <object_component id="oc-30d">
         <name>.text:strchr</name>
         <load_address>0x2af0</load_address>
         <run_address>0x2af0</run_address>
         <size>0x16</size>
         <input_file_ref idref="fl-e6"/>
      </object_component>
      <object_component id="oc-12d">
         <name>.text:strlen</name>
         <load_address>0x2b06</load_address>
         <run_address>0x2b06</run_address>
         <size>0x14</size>
         <input_file_ref idref="fl-c5"/>
      </object_component>
      <object_component id="oc-29c">
         <name>.text:wcslen</name>
         <load_address>0x2b1a</load_address>
         <run_address>0x2b1a</run_address>
         <size>0x12</size>
         <input_file_ref idref="fl-db"/>
      </object_component>
      <object_component id="oc-c6">
         <name>.text:__time32</name>
         <load_address>0x2b2c</load_address>
         <run_address>0x2b2c</run_address>
         <size>0xe</size>
         <input_file_ref idref="fl-c7"/>
      </object_component>
      <object_component id="oc-1a">
         <name>.text:decompress:none:__TI_decompress_none</name>
         <load_address>0x2b3a</load_address>
         <run_address>0x2b3a</run_address>
         <size>0xe</size>
         <input_file_ref idref="fl-c0"/>
      </object_component>
      <object_component id="oc-64">
         <name>.text</name>
         <load_address>0x2b48</load_address>
         <run_address>0x2b48</run_address>
         <size>0xe</size>
         <input_file_ref idref="fl-3"/>
      </object_component>
      <object_component id="oc-cc">
         <name>.text:__ctime32</name>
         <load_address>0x2b56</load_address>
         <run_address>0x2b56</run_address>
         <size>0xc</size>
         <input_file_ref idref="fl-c2"/>
      </object_component>
      <object_component id="oc-2a2">
         <name>.text:__aeabi_errno_addr</name>
         <load_address>0x2b64</load_address>
         <run_address>0x2b64</run_address>
         <size>0x8</size>
         <input_file_ref idref="fl-e7"/>
      </object_component>
      <object_component id="oc-8a">
         <name>.text:_system_pre_init</name>
         <load_address>0x2b6c</load_address>
         <run_address>0x2b6c</run_address>
         <size>0x4</size>
         <input_file_ref idref="fl-cf"/>
      </object_component>
      <object_component id="oc-dc">
         <name>.text:abort:abort</name>
         <load_address>0x2b70</load_address>
         <run_address>0x2b70</run_address>
         <size>0x4</size>
         <input_file_ref idref="fl-d1"/>
      </object_component>
      <object_component id="oc-2bb">
         <name>.const:.string:_ctypes_</name>
         <load_address>0x2b74</load_address>
         <run_address>0x2b74</run_address>
         <size>0x101</size>
         <input_file_ref idref="fl-e3"/>
      </object_component>
      <object_component id="oc-20e">
         <name>.const:$O1$$</name>
         <load_address>0x2c78</load_address>
         <run_address>0x2c78</run_address>
         <size>0x60</size>
         <input_file_ref idref="fl-c4"/>
      </object_component>
      <object_component id="oc-1c3">
         <name>.const:$O1$$</name>
         <load_address>0x2cd8</load_address>
         <run_address>0x2cd8</run_address>
         <size>0x4c</size>
         <input_file_ref idref="fl-d4"/>
      </object_component>
      <object_component id="oc-242">
         <name>.const:.string</name>
         <load_address>0x2d24</load_address>
         <run_address>0x2d24</run_address>
         <size>0x4c</size>
         <input_file_ref idref="fl-d4"/>
      </object_component>
      <object_component id="oc-3a1">
         <name>.cinit..data.load</name>
         <load_address>0x2d70</load_address>
         <run_address>0x2d70</run_address>
         <size>0x27</size>
      </object_component>
      <object_component id="oc-39f">
         <name>__TI_handler_table</name>
         <load_address>0x2d98</load_address>
         <run_address>0x2d98</run_address>
         <size>0xc</size>
      </object_component>
      <object_component id="oc-3a2">
         <name>.cinit..bss.load</name>
         <load_address>0x2da8</load_address>
         <run_address>0x2da8</run_address>
         <size>0x8</size>
      </object_component>
      <object_component id="oc-3a0">
         <name>__TI_cinit_table</name>
         <load_address>0x2db0</load_address>
         <run_address>0x2db0</run_address>
         <size>0x10</size>
      </object_component>
      <object_component id="oc-374">
         <name>.binit</name>
         <load_address>0x0</load_address>
         <run_address>0x0</run_address>
         <size>0x0</size>
      </object_component>
      <object_component id="oc-d2">
         <name>.data</name>
         <load_address>0x20000180</load_address>
         <run_address>0x20000180</run_address>
         <size>0x4</size>
         <input_file_ref idref="fl-2"/>
      </object_component>
      <object_component id="oc-11a">
         <name>.data</name>
         <load_address>0x20000188</load_address>
         <run_address>0x20000188</run_address>
         <size>0x4</size>
         <input_file_ref idref="fl-4"/>
      </object_component>
      <object_component id="oc-1b3">
         <name>.data:local_tm</name>
         <load_address>0x20000144</load_address>
         <run_address>0x20000144</run_address>
         <size>0x24</size>
         <input_file_ref idref="fl-c3"/>
      </object_component>
      <object_component id="oc-1b0">
         <name>.data:_tz</name>
         <load_address>0x20000168</load_address>
         <run_address>0x20000168</run_address>
         <size>0x10</size>
         <input_file_ref idref="fl-c6"/>
      </object_component>
      <object_component id="oc-167">
         <name>.data:$O1$$</name>
         <load_address>0x20000178</load_address>
         <run_address>0x20000178</run_address>
         <size>0x8</size>
         <input_file_ref idref="fl-d2"/>
      </object_component>
      <object_component id="oc-31d">
         <name>.data</name>
         <load_address>0x20000184</load_address>
         <run_address>0x20000184</run_address>
         <size>0x4</size>
         <input_file_ref idref="fl-e7"/>
      </object_component>
      <object_component id="oc-1c6">
         <name>.bss:time_buf</name>
         <uninitialized>true</uninitialized>
         <run_address>0x20000120</run_address>
         <size>0x1c</size>
         <input_file_ref idref="fl-d4"/>
      </object_component>
      <object_component id="oc-1f6">
         <name>.bss:_CIOBUF_</name>
         <uninitialized>true</uninitialized>
         <run_address>0x20000000</run_address>
         <size>0x120</size>
         <input_file_ref idref="fl-d6"/>
      </object_component>
      <object_component id="oc-195">
         <name>.common:parmbuf</name>
         <uninitialized>true</uninitialized>
         <run_address>0x2000013c</run_address>
         <size>0x8</size>
      </object_component>
      <object_component id="oc-26">
         <name>.stack</name>
         <uninitialized>true</uninitialized>
         <run_address>0x2000fe00</run_address>
         <size>0x4</size>
         <input_file_ref idref="fl-c8"/>
      </object_component>
      <object_component id="oc-3a3">
         <name>.stack</name>
         <uninitialized>true</uninitialized>
         <run_address>0x2000fe00</run_address>
         <size>0x0</size>
      </object_component>
      <object_component id="oc-db">
         <name>.debug_info</name>
         <load_address>0x0</load_address>
         <run_address>0x0</run_address>
         <size>0x631</size>
         <input_file_ref idref="fl-2"/>
      </object_component>
      <object_component id="oc-d3">
         <name>.debug_info</name>
         <load_address>0x631</load_address>
         <run_address>0x631</run_address>
         <size>0xd5</size>
         <input_file_ref idref="fl-2"/>
      </object_component>
      <object_component id="oc-92">
         <name>.debug_info</name>
         <load_address>0x706</load_address>
         <run_address>0x706</run_address>
         <size>0x26e</size>
         <input_file_ref idref="fl-2"/>
      </object_component>
      <object_component id="oc-154">
         <name>.debug_info</name>
         <load_address>0x974</load_address>
         <run_address>0x974</run_address>
         <size>0x37e2</size>
         <input_file_ref idref="fl-2"/>
      </object_component>
      <object_component id="oc-ab">
         <name>.debug_info</name>
         <load_address>0x4156</load_address>
         <run_address>0x4156</run_address>
         <size>0x26b</size>
         <input_file_ref idref="fl-2"/>
      </object_component>
      <object_component id="oc-159">
         <name>.debug_info</name>
         <load_address>0x43c1</load_address>
         <run_address>0x43c1</run_address>
         <size>0x1055</size>
         <input_file_ref idref="fl-2"/>
      </object_component>
      <object_component id="oc-d6">
         <name>.debug_info</name>
         <load_address>0x5416</load_address>
         <run_address>0x5416</run_address>
         <size>0x189</size>
         <input_file_ref idref="fl-2"/>
      </object_component>
      <object_component id="oc-2f">
         <name>.debug_info</name>
         <load_address>0x559f</load_address>
         <run_address>0x559f</run_address>
         <size>0x84</size>
         <input_file_ref idref="fl-2"/>
      </object_component>
      <object_component id="oc-123">
         <name>.debug_info</name>
         <load_address>0x5623</load_address>
         <run_address>0x5623</run_address>
         <size>0x297</size>
         <input_file_ref idref="fl-2"/>
      </object_component>
      <object_component id="oc-11e">
         <name>.debug_info</name>
         <load_address>0x58ba</load_address>
         <run_address>0x58ba</run_address>
         <size>0xbb</size>
         <input_file_ref idref="fl-2"/>
      </object_component>
      <object_component id="oc-23d">
         <name>.debug_info</name>
         <load_address>0x5975</load_address>
         <run_address>0x5975</run_address>
         <size>0x2c</size>
         <input_file_ref idref="fl-2"/>
      </object_component>
      <object_component id="oc-15e">
         <name>.debug_info</name>
         <load_address>0x59a1</load_address>
         <run_address>0x59a1</run_address>
         <size>0x35</size>
         <input_file_ref idref="fl-2"/>
      </object_component>
      <object_component id="oc-6c">
         <name>.debug_info</name>
         <load_address>0x59d6</load_address>
         <run_address>0x59d6</run_address>
         <size>0x2c6</size>
         <input_file_ref idref="fl-3"/>
      </object_component>
      <object_component id="oc-24">
         <name>.debug_info</name>
         <load_address>0x5c9c</load_address>
         <run_address>0x5c9c</run_address>
         <size>0xf2</size>
         <input_file_ref idref="fl-3"/>
      </object_component>
      <object_component id="oc-67">
         <name>.debug_info</name>
         <load_address>0x5d8e</load_address>
         <run_address>0x5d8e</run_address>
         <size>0x1b9</size>
         <input_file_ref idref="fl-3"/>
      </object_component>
      <object_component id="oc-11b">
         <name>.debug_info</name>
         <load_address>0x5f47</load_address>
         <run_address>0x5f47</run_address>
         <size>0xeb</size>
         <input_file_ref idref="fl-4"/>
      </object_component>
      <object_component id="oc-a4">
         <name>.debug_info</name>
         <load_address>0x6032</load_address>
         <run_address>0x6032</run_address>
         <size>0x25d</size>
         <input_file_ref idref="fl-4"/>
      </object_component>
      <object_component id="oc-134">
         <name>.debug_info</name>
         <load_address>0x628f</load_address>
         <run_address>0x628f</run_address>
         <size>0x593</size>
         <input_file_ref idref="fl-5"/>
      </object_component>
      <object_component id="oc-c1">
         <name>.debug_info</name>
         <load_address>0x6822</load_address>
         <run_address>0x6822</run_address>
         <size>0x55c</size>
         <input_file_ref idref="fl-5"/>
      </object_component>
      <object_component id="oc-128">
         <name>.debug_info</name>
         <load_address>0x6d7e</load_address>
         <run_address>0x6d7e</run_address>
         <size>0x8b</size>
         <input_file_ref idref="fl-5"/>
      </object_component>
      <object_component id="oc-b7">
         <name>.debug_info</name>
         <load_address>0x6e09</load_address>
         <run_address>0x6e09</run_address>
         <size>0x2c</size>
         <input_file_ref idref="fl-5"/>
      </object_component>
      <object_component id="oc-83">
         <name>.debug_info</name>
         <load_address>0x6e35</load_address>
         <run_address>0x6e35</run_address>
         <size>0x2d5</size>
         <input_file_ref idref="fl-bf"/>
      </object_component>
      <object_component id="oc-44">
         <name>.debug_info</name>
         <load_address>0x710a</load_address>
         <run_address>0x710a</run_address>
         <size>0x1d3</size>
         <input_file_ref idref="fl-bf"/>
      </object_component>
      <object_component id="oc-7e">
         <name>.debug_info</name>
         <load_address>0x72dd</load_address>
         <run_address>0x72dd</run_address>
         <size>0x46</size>
         <input_file_ref idref="fl-bf"/>
      </object_component>
      <object_component id="oc-3f">
         <name>.debug_info</name>
         <load_address>0x7323</load_address>
         <run_address>0x7323</run_address>
         <size>0x2a9</size>
         <input_file_ref idref="fl-c0"/>
      </object_component>
      <object_component id="oc-1c">
         <name>.debug_info</name>
         <load_address>0x75cc</load_address>
         <run_address>0x75cc</run_address>
         <size>0x1eb</size>
         <input_file_ref idref="fl-c0"/>
      </object_component>
      <object_component id="oc-3a">
         <name>.debug_info</name>
         <load_address>0x77b7</load_address>
         <run_address>0x77b7</run_address>
         <size>0x46</size>
         <input_file_ref idref="fl-c0"/>
      </object_component>
      <object_component id="oc-76">
         <name>.debug_info</name>
         <load_address>0x77fd</load_address>
         <run_address>0x77fd</run_address>
         <size>0x2c</size>
         <input_file_ref idref="fl-c0"/>
      </object_component>
      <object_component id="oc-74">
         <name>.debug_info</name>
         <load_address>0x7829</load_address>
         <run_address>0x7829</run_address>
         <size>0x29f</size>
         <input_file_ref idref="fl-c1"/>
      </object_component>
      <object_component id="oc-15">
         <name>.debug_info</name>
         <load_address>0x7ac8</load_address>
         <run_address>0x7ac8</run_address>
         <size>0x251</size>
         <input_file_ref idref="fl-c1"/>
      </object_component>
      <object_component id="oc-2a">
         <name>.debug_info</name>
         <load_address>0x7d19</load_address>
         <run_address>0x7d19</run_address>
         <size>0x60</size>
         <input_file_ref idref="fl-c1"/>
      </object_component>
      <object_component id="oc-b0">
         <name>.debug_info</name>
         <load_address>0x7d79</load_address>
         <run_address>0x7d79</run_address>
         <size>0x46</size>
         <input_file_ref idref="fl-c1"/>
      </object_component>
      <object_component id="oc-6f">
         <name>.debug_info</name>
         <load_address>0x7dbf</load_address>
         <run_address>0x7dbf</run_address>
         <size>0x39</size>
         <input_file_ref idref="fl-c1"/>
      </object_component>
      <object_component id="oc-14f">
         <name>.debug_info</name>
         <load_address>0x7df8</load_address>
         <run_address>0x7df8</run_address>
         <size>0x2f6</size>
         <input_file_ref idref="fl-c2"/>
      </object_component>
      <object_component id="oc-cd">
         <name>.debug_info</name>
         <load_address>0x80ee</load_address>
         <run_address>0x80ee</run_address>
         <size>0x23d</size>
         <input_file_ref idref="fl-c2"/>
      </object_component>
      <object_component id="oc-19e">
         <name>.debug_info</name>
         <load_address>0x832b</load_address>
         <run_address>0x832b</run_address>
         <size>0x39</size>
         <input_file_ref idref="fl-c2"/>
      </object_component>
      <object_component id="oc-1ce">
         <name>.debug_info</name>
         <load_address>0x8364</load_address>
         <run_address>0x8364</run_address>
         <size>0xfb</size>
         <input_file_ref idref="fl-c2"/>
      </object_component>
      <object_component id="oc-1b7">
         <name>.debug_info</name>
         <load_address>0x845f</load_address>
         <run_address>0x845f</run_address>
         <size>0x2e2</size>
         <input_file_ref idref="fl-c3"/>
      </object_component>
      <object_component id="oc-1b4">
         <name>.debug_info</name>
         <load_address>0x8741</load_address>
         <run_address>0x8741</run_address>
         <size>0x108</size>
         <input_file_ref idref="fl-c3"/>
      </object_component>
      <object_component id="oc-143">
         <name>.debug_info</name>
         <load_address>0x8849</load_address>
         <run_address>0x8849</run_address>
         <size>0x1cd</size>
         <input_file_ref idref="fl-c3"/>
      </object_component>
      <object_component id="oc-1b8">
         <name>.debug_info</name>
         <load_address>0x8a16</load_address>
         <run_address>0x8a16</run_address>
         <size>0x162</size>
         <input_file_ref idref="fl-c3"/>
      </object_component>
      <object_component id="oc-212">
         <name>.debug_info</name>
         <load_address>0x8b78</load_address>
         <run_address>0x8b78</run_address>
         <size>0x300</size>
         <input_file_ref idref="fl-c4"/>
      </object_component>
      <object_component id="oc-20f">
         <name>.debug_info</name>
         <load_address>0x8e78</load_address>
         <run_address>0x8e78</run_address>
         <size>0x122</size>
         <input_file_ref idref="fl-c4"/>
      </object_component>
      <object_component id="oc-1ae">
         <name>.debug_info</name>
         <load_address>0x8f9a</load_address>
         <run_address>0x8f9a</run_address>
         <size>0x23b</size>
         <input_file_ref idref="fl-c4"/>
      </object_component>
      <object_component id="oc-186">
         <name>.debug_info</name>
         <load_address>0x91d5</load_address>
         <run_address>0x91d5</run_address>
         <size>0x290</size>
         <input_file_ref idref="fl-c5"/>
      </object_component>
      <object_component id="oc-12e">
         <name>.debug_info</name>
         <load_address>0x9465</load_address>
         <run_address>0x9465</run_address>
         <size>0x246</size>
         <input_file_ref idref="fl-c5"/>
      </object_component>
      <object_component id="oc-26c">
         <name>.debug_info</name>
         <load_address>0x96ab</load_address>
         <run_address>0x96ab</run_address>
         <size>0xf4</size>
         <input_file_ref idref="fl-c6"/>
      </object_component>
      <object_component id="oc-1b1">
         <name>.debug_info</name>
         <load_address>0x979f</load_address>
         <run_address>0x979f</run_address>
         <size>0xfd</size>
         <input_file_ref idref="fl-c6"/>
      </object_component>
      <object_component id="oc-216">
         <name>.debug_info</name>
         <load_address>0x989c</load_address>
         <run_address>0x989c</run_address>
         <size>0x86</size>
         <input_file_ref idref="fl-c6"/>
      </object_component>
      <object_component id="oc-141">
         <name>.debug_info</name>
         <load_address>0x9922</load_address>
         <run_address>0x9922</run_address>
         <size>0x2a5</size>
         <input_file_ref idref="fl-c7"/>
      </object_component>
      <object_component id="oc-ca">
         <name>.debug_info</name>
         <load_address>0x9bc7</load_address>
         <run_address>0x9bc7</run_address>
         <size>0x182</size>
         <input_file_ref idref="fl-c7"/>
      </object_component>
      <object_component id="oc-13c">
         <name>.debug_info</name>
         <load_address>0x9d49</load_address>
         <run_address>0x9d49</run_address>
         <size>0x39</size>
         <input_file_ref idref="fl-c7"/>
      </object_component>
      <object_component id="oc-27">
         <name>.debug_info</name>
         <load_address>0x9d82</load_address>
         <run_address>0x9d82</run_address>
         <size>0x10c</size>
         <input_file_ref idref="fl-c8"/>
      </object_component>
      <object_component id="oc-55">
         <name>.debug_info</name>
         <load_address>0x9e8e</load_address>
         <run_address>0x9e8e</run_address>
         <size>0x1aa</size>
         <input_file_ref idref="fl-c8"/>
      </object_component>
      <object_component id="oc-20c">
         <name>.debug_info</name>
         <load_address>0xa038</load_address>
         <run_address>0xa038</run_address>
         <size>0x140</size>
         <input_file_ref idref="fl-c9"/>
      </object_component>
      <object_component id="oc-263">
         <name>.debug_info</name>
         <load_address>0xa178</load_address>
         <run_address>0xa178</run_address>
         <size>0x135</size>
         <input_file_ref idref="fl-ca"/>
      </object_component>
      <object_component id="oc-86">
         <name>.debug_info</name>
         <load_address>0xa2ad</load_address>
         <run_address>0xa2ad</run_address>
         <size>0x148</size>
         <input_file_ref idref="fl-cb"/>
      </object_component>
      <object_component id="oc-36">
         <name>.debug_info</name>
         <load_address>0xa3f5</load_address>
         <run_address>0xa3f5</run_address>
         <size>0x11a</size>
         <input_file_ref idref="fl-cc"/>
      </object_component>
      <object_component id="oc-1a8">
         <name>.debug_info</name>
         <load_address>0xa50f</load_address>
         <run_address>0xa50f</run_address>
         <size>0x143</size>
         <input_file_ref idref="fl-cd"/>
      </object_component>
      <object_component id="oc-16e">
         <name>.debug_info</name>
         <load_address>0xa652</load_address>
         <run_address>0xa652</run_address>
         <size>0x4b4</size>
         <input_file_ref idref="fl-ce"/>
      </object_component>
      <object_component id="oc-eb">
         <name>.debug_info</name>
         <load_address>0xab06</load_address>
         <run_address>0xab06</run_address>
         <size>0x1a7</size>
         <input_file_ref idref="fl-ce"/>
      </object_component>
      <object_component id="oc-1e3">
         <name>.debug_info</name>
         <load_address>0xacad</load_address>
         <run_address>0xacad</run_address>
         <size>0x39</size>
         <input_file_ref idref="fl-ce"/>
      </object_component>
      <object_component id="oc-251">
         <name>.debug_info</name>
         <load_address>0xace6</load_address>
         <run_address>0xace6</run_address>
         <size>0x39</size>
         <input_file_ref idref="fl-ce"/>
      </object_component>
      <object_component id="oc-1e8">
         <name>.debug_info</name>
         <load_address>0xad1f</load_address>
         <run_address>0xad1f</run_address>
         <size>0x39</size>
         <input_file_ref idref="fl-ce"/>
      </object_component>
      <object_component id="oc-1ed">
         <name>.debug_info</name>
         <load_address>0xad58</load_address>
         <run_address>0xad58</run_address>
         <size>0xcd</size>
         <input_file_ref idref="fl-ce"/>
      </object_component>
      <object_component id="oc-8e">
         <name>.debug_info</name>
         <load_address>0xae25</load_address>
         <run_address>0xae25</run_address>
         <size>0x154</size>
         <input_file_ref idref="fl-cf"/>
      </object_component>
      <object_component id="oc-dd">
         <name>.debug_info</name>
         <load_address>0xaf79</load_address>
         <run_address>0xaf79</run_address>
         <size>0x123</size>
         <input_file_ref idref="fl-d1"/>
      </object_component>
      <object_component id="oc-1dd">
         <name>.debug_info</name>
         <load_address>0xb09c</load_address>
         <run_address>0xb09c</run_address>
         <size>0x2ca</size>
         <input_file_ref idref="fl-d2"/>
      </object_component>
      <object_component id="oc-168">
         <name>.debug_info</name>
         <load_address>0xb366</load_address>
         <run_address>0xb366</run_address>
         <size>0x11f</size>
         <input_file_ref idref="fl-d2"/>
      </object_component>
      <object_component id="oc-1d6">
         <name>.debug_info</name>
         <load_address>0xb485</load_address>
         <run_address>0xb485</run_address>
         <size>0x12f</size>
         <input_file_ref idref="fl-d2"/>
      </object_component>
      <object_component id="oc-1ca">
         <name>.debug_info</name>
         <load_address>0xb5b4</load_address>
         <run_address>0xb5b4</run_address>
         <size>0x36a</size>
         <input_file_ref idref="fl-d4"/>
      </object_component>
      <object_component id="oc-1c7">
         <name>.debug_info</name>
         <load_address>0xb91e</load_address>
         <run_address>0xb91e</run_address>
         <size>0x107</size>
         <input_file_ref idref="fl-d4"/>
      </object_component>
      <object_component id="oc-1c4">
         <name>.debug_info</name>
         <load_address>0xba25</load_address>
         <run_address>0xba25</run_address>
         <size>0x113</size>
         <input_file_ref idref="fl-d4"/>
      </object_component>
      <object_component id="oc-149">
         <name>.debug_info</name>
         <load_address>0xbb38</load_address>
         <run_address>0xbb38</run_address>
         <size>0x17c</size>
         <input_file_ref idref="fl-d4"/>
      </object_component>
      <object_component id="oc-233">
         <name>.debug_info</name>
         <load_address>0xbcb4</load_address>
         <run_address>0xbcb4</run_address>
         <size>0x2c</size>
         <input_file_ref idref="fl-d4"/>
      </object_component>
      <object_component id="oc-249">
         <name>.debug_info</name>
         <load_address>0xbce0</load_address>
         <run_address>0xbce0</run_address>
         <size>0xe1</size>
         <input_file_ref idref="fl-d4"/>
      </object_component>
      <object_component id="oc-136">
         <name>.debug_info</name>
         <load_address>0xbdc1</load_address>
         <run_address>0xbdc1</run_address>
         <size>0x18e</size>
         <input_file_ref idref="fl-d5"/>
      </object_component>
      <object_component id="oc-1fe">
         <name>.debug_info</name>
         <load_address>0xbf4f</load_address>
         <run_address>0xbf4f</run_address>
         <size>0x46</size>
         <input_file_ref idref="fl-d5"/>
      </object_component>
      <object_component id="oc-199">
         <name>.debug_info</name>
         <load_address>0xbf95</load_address>
         <run_address>0xbf95</run_address>
         <size>0x39</size>
         <input_file_ref idref="fl-d5"/>
      </object_component>
      <object_component id="oc-1fa">
         <name>.debug_info</name>
         <load_address>0xbfce</load_address>
         <run_address>0xbfce</run_address>
         <size>0x2bc</size>
         <input_file_ref idref="fl-d6"/>
      </object_component>
      <object_component id="oc-1f7">
         <name>.debug_info</name>
         <load_address>0xc28a</load_address>
         <run_address>0xc28a</run_address>
         <size>0x109</size>
         <input_file_ref idref="fl-d6"/>
      </object_component>
      <object_component id="oc-18b">
         <name>.debug_info</name>
         <load_address>0xc393</load_address>
         <run_address>0xc393</run_address>
         <size>0x1e0</size>
         <input_file_ref idref="fl-d6"/>
      </object_component>
      <object_component id="oc-190">
         <name>.debug_info</name>
         <load_address>0xc573</load_address>
         <run_address>0xc573</run_address>
         <size>0x19b</size>
         <input_file_ref idref="fl-d6"/>
      </object_component>
      <object_component id="oc-232">
         <name>.debug_info</name>
         <load_address>0xc70e</load_address>
         <run_address>0xc70e</run_address>
         <size>0x33b</size>
         <input_file_ref idref="fl-d7"/>
      </object_component>
      <object_component id="oc-1c0">
         <name>.debug_info</name>
         <load_address>0xca49</load_address>
         <run_address>0xca49</run_address>
         <size>0x1ef</size>
         <input_file_ref idref="fl-d7"/>
      </object_component>
      <object_component id="oc-227">
         <name>.debug_info</name>
         <load_address>0xcc38</load_address>
         <run_address>0xcc38</run_address>
         <size>0x1c4</size>
         <input_file_ref idref="fl-d7"/>
      </object_component>
      <object_component id="oc-22d">
         <name>.debug_info</name>
         <load_address>0xcdfc</load_address>
         <run_address>0xcdfc</run_address>
         <size>0x177</size>
         <input_file_ref idref="fl-d7"/>
      </object_component>
      <object_component id="oc-238">
         <name>.debug_info</name>
         <load_address>0xcf73</load_address>
         <run_address>0xcf73</run_address>
         <size>0x69</size>
         <input_file_ref idref="fl-d7"/>
      </object_component>
      <object_component id="oc-206">
         <name>.debug_info</name>
         <load_address>0xcfdc</load_address>
         <run_address>0xcfdc</run_address>
         <size>0x116</size>
         <input_file_ref idref="fl-d8"/>
      </object_component>
      <object_component id="oc-196">
         <name>.debug_info</name>
         <load_address>0xd0f2</load_address>
         <run_address>0xd0f2</run_address>
         <size>0x3a4</size>
         <input_file_ref idref="fl-d9"/>
      </object_component>
      <object_component id="oc-2a9">
         <name>.debug_info</name>
         <load_address>0xd496</load_address>
         <run_address>0xd496</run_address>
         <size>0x57c</size>
         <input_file_ref idref="fl-da"/>
      </object_component>
      <object_component id="oc-275">
         <name>.debug_info</name>
         <load_address>0xda12</load_address>
         <run_address>0xda12</run_address>
         <size>0x21f</size>
         <input_file_ref idref="fl-da"/>
      </object_component>
      <object_component id="oc-2e8">
         <name>.debug_info</name>
         <load_address>0xdc31</load_address>
         <run_address>0xdc31</run_address>
         <size>0x1b4</size>
         <input_file_ref idref="fl-da"/>
      </object_component>
      <object_component id="oc-2ee">
         <name>.debug_info</name>
         <load_address>0xdde5</load_address>
         <run_address>0xdde5</run_address>
         <size>0x21c</size>
         <input_file_ref idref="fl-da"/>
      </object_component>
      <object_component id="oc-280">
         <name>.debug_info</name>
         <load_address>0xe001</load_address>
         <run_address>0xe001</run_address>
         <size>0x3bc</size>
         <input_file_ref idref="fl-da"/>
      </object_component>
      <object_component id="oc-2f5">
         <name>.debug_info</name>
         <load_address>0xe3bd</load_address>
         <run_address>0xe3bd</run_address>
         <size>0x306</size>
         <input_file_ref idref="fl-da"/>
      </object_component>
      <object_component id="oc-2fb">
         <name>.debug_info</name>
         <load_address>0xe6c3</load_address>
         <run_address>0xe6c3</run_address>
         <size>0x216</size>
         <input_file_ref idref="fl-da"/>
      </object_component>
      <object_component id="oc-286">
         <name>.debug_info</name>
         <load_address>0xe8d9</load_address>
         <run_address>0xe8d9</run_address>
         <size>0x216</size>
         <input_file_ref idref="fl-da"/>
      </object_component>
      <object_component id="oc-28c">
         <name>.debug_info</name>
         <load_address>0xeaef</load_address>
         <run_address>0xeaef</run_address>
         <size>0x305</size>
         <input_file_ref idref="fl-da"/>
      </object_component>
      <object_component id="oc-292">
         <name>.debug_info</name>
         <load_address>0xedf4</load_address>
         <run_address>0xedf4</run_address>
         <size>0x4b1</size>
         <input_file_ref idref="fl-da"/>
      </object_component>
      <object_component id="oc-221">
         <name>.debug_info</name>
         <load_address>0xf2a5</load_address>
         <run_address>0xf2a5</run_address>
         <size>0x5f5</size>
         <input_file_ref idref="fl-da"/>
      </object_component>
      <object_component id="oc-2aa">
         <name>.debug_info</name>
         <load_address>0xf89a</load_address>
         <run_address>0xf89a</run_address>
         <size>0x86</size>
         <input_file_ref idref="fl-da"/>
      </object_component>
      <object_component id="oc-324">
         <name>.debug_info</name>
         <load_address>0xf920</load_address>
         <run_address>0xf920</run_address>
         <size>0x39</size>
         <input_file_ref idref="fl-da"/>
      </object_component>
      <object_component id="oc-35d">
         <name>.debug_info</name>
         <load_address>0xf959</load_address>
         <run_address>0xf959</run_address>
         <size>0xb6</size>
         <input_file_ref idref="fl-da"/>
      </object_component>
      <object_component id="oc-329">
         <name>.debug_info</name>
         <load_address>0xfa0f</load_address>
         <run_address>0xfa0f</run_address>
         <size>0x46</size>
         <input_file_ref idref="fl-da"/>
      </object_component>
      <object_component id="oc-2af">
         <name>.debug_info</name>
         <load_address>0xfa55</load_address>
         <run_address>0xfa55</run_address>
         <size>0x46</size>
         <input_file_ref idref="fl-da"/>
      </object_component>
      <object_component id="oc-31c">
         <name>.debug_info</name>
         <load_address>0xfa9b</load_address>
         <run_address>0xfa9b</run_address>
         <size>0x290</size>
         <input_file_ref idref="fl-db"/>
      </object_component>
      <object_component id="oc-29f">
         <name>.debug_info</name>
         <load_address>0xfd2b</load_address>
         <run_address>0xfd2b</run_address>
         <size>0x15b</size>
         <input_file_ref idref="fl-db"/>
      </object_component>
      <object_component id="oc-352">
         <name>.debug_info</name>
         <load_address>0xfe86</load_address>
         <run_address>0xfe86</run_address>
         <size>0x46</size>
         <input_file_ref idref="fl-db"/>
      </object_component>
      <object_component id="oc-317">
         <name>.debug_info</name>
         <load_address>0xfecc</load_address>
         <run_address>0xfecc</run_address>
         <size>0x39</size>
         <input_file_ref idref="fl-db"/>
      </object_component>
      <object_component id="oc-2e2">
         <name>.debug_info</name>
         <load_address>0xff05</load_address>
         <run_address>0xff05</run_address>
         <size>0x14d</size>
         <input_file_ref idref="fl-dc"/>
      </object_component>
      <object_component id="oc-27b">
         <name>.debug_info</name>
         <load_address>0x10052</load_address>
         <run_address>0x10052</run_address>
         <size>0x129</size>
         <input_file_ref idref="fl-dd"/>
      </object_component>
      <object_component id="oc-2cd">
         <name>.debug_info</name>
         <load_address>0x1017b</load_address>
         <run_address>0x1017b</run_address>
         <size>0x12b</size>
         <input_file_ref idref="fl-dd"/>
      </object_component>
      <object_component id="oc-2c9">
         <name>.debug_info</name>
         <load_address>0x102a6</load_address>
         <run_address>0x102a6</run_address>
         <size>0x13b</size>
         <input_file_ref idref="fl-de"/>
      </object_component>
      <object_component id="oc-2c5">
         <name>.debug_info</name>
         <load_address>0x103e1</load_address>
         <run_address>0x103e1</run_address>
         <size>0x13b</size>
         <input_file_ref idref="fl-df"/>
      </object_component>
      <object_component id="oc-2d2">
         <name>.debug_info</name>
         <load_address>0x1051c</load_address>
         <run_address>0x1051c</run_address>
         <size>0x12f</size>
         <input_file_ref idref="fl-e0"/>
      </object_component>
      <object_component id="oc-2de">
         <name>.debug_info</name>
         <load_address>0x1064b</load_address>
         <run_address>0x1064b</run_address>
         <size>0x12d</size>
         <input_file_ref idref="fl-e1"/>
      </object_component>
      <object_component id="oc-2bf">
         <name>.debug_info</name>
         <load_address>0x10778</load_address>
         <run_address>0x10778</run_address>
         <size>0x2ba</size>
         <input_file_ref idref="fl-e2"/>
      </object_component>
      <object_component id="oc-26e">
         <name>.debug_info</name>
         <load_address>0x10a32</load_address>
         <run_address>0x10a32</run_address>
         <size>0x17d</size>
         <input_file_ref idref="fl-e2"/>
      </object_component>
      <object_component id="oc-330">
         <name>.debug_info</name>
         <load_address>0x10baf</load_address>
         <run_address>0x10baf</run_address>
         <size>0xfa</size>
         <input_file_ref idref="fl-e3"/>
      </object_component>
      <object_component id="oc-2bc">
         <name>.debug_info</name>
         <load_address>0x10ca9</load_address>
         <run_address>0x10ca9</run_address>
         <size>0x106</size>
         <input_file_ref idref="fl-e3"/>
      </object_component>
      <object_component id="oc-338">
         <name>.debug_info</name>
         <load_address>0x10daf</load_address>
         <run_address>0x10daf</run_address>
         <size>0x29c</size>
         <input_file_ref idref="fl-e4"/>
      </object_component>
      <object_component id="oc-2d9">
         <name>.debug_info</name>
         <load_address>0x1104b</load_address>
         <run_address>0x1104b</run_address>
         <size>0x1ce</size>
         <input_file_ref idref="fl-e4"/>
      </object_component>
      <object_component id="oc-315">
         <name>.debug_info</name>
         <load_address>0x11219</load_address>
         <run_address>0x11219</run_address>
         <size>0x297</size>
         <input_file_ref idref="fl-e5"/>
      </object_component>
      <object_component id="oc-299">
         <name>.debug_info</name>
         <load_address>0x114b0</load_address>
         <run_address>0x114b0</run_address>
         <size>0x1b7</size>
         <input_file_ref idref="fl-e5"/>
      </object_component>
      <object_component id="oc-34f">
         <name>.debug_info</name>
         <load_address>0x11667</load_address>
         <run_address>0x11667</run_address>
         <size>0x29b</size>
         <input_file_ref idref="fl-e6"/>
      </object_component>
      <object_component id="oc-311">
         <name>.debug_info</name>
         <load_address>0x11902</load_address>
         <run_address>0x11902</run_address>
         <size>0x263</size>
         <input_file_ref idref="fl-e6"/>
      </object_component>
      <object_component id="oc-321">
         <name>.debug_info</name>
         <load_address>0x11b65</load_address>
         <run_address>0x11b65</run_address>
         <size>0x28a</size>
         <input_file_ref idref="fl-e7"/>
      </object_component>
      <object_component id="oc-31e">
         <name>.debug_info</name>
         <load_address>0x11def</load_address>
         <run_address>0x11def</run_address>
         <size>0x10f</size>
         <input_file_ref idref="fl-e7"/>
      </object_component>
      <object_component id="oc-2a3">
         <name>.debug_info</name>
         <load_address>0x11efe</load_address>
         <run_address>0x11efe</run_address>
         <size>0x14f</size>
         <input_file_ref idref="fl-e7"/>
      </object_component>
      <object_component id="oc-340">
         <name>.debug_info</name>
         <load_address>0x1204d</load_address>
         <run_address>0x1204d</run_address>
         <size>0x29b</size>
         <input_file_ref idref="fl-e8"/>
      </object_component>
      <object_component id="oc-302">
         <name>.debug_info</name>
         <load_address>0x122e8</load_address>
         <run_address>0x122e8</run_address>
         <size>0x196</size>
         <input_file_ref idref="fl-e8"/>
      </object_component>
      <object_component id="oc-368">
         <name>.debug_info</name>
         <load_address>0x1247e</load_address>
         <run_address>0x1247e</run_address>
         <size>0x39</size>
         <input_file_ref idref="fl-e8"/>
      </object_component>
      <object_component id="oc-341">
         <name>.debug_info</name>
         <load_address>0x124b7</load_address>
         <run_address>0x124b7</run_address>
         <size>0x2c</size>
         <input_file_ref idref="fl-e8"/>
      </object_component>
      <object_component id="oc-34d">
         <name>.debug_info</name>
         <load_address>0x124e3</load_address>
         <run_address>0x124e3</run_address>
         <size>0x2fe</size>
         <input_file_ref idref="fl-e9"/>
      </object_component>
      <object_component id="oc-308">
         <name>.debug_info</name>
         <load_address>0x127e1</load_address>
         <run_address>0x127e1</run_address>
         <size>0x226</size>
         <input_file_ref idref="fl-e9"/>
      </object_component>
      <object_component id="oc-348">
         <name>.debug_info</name>
         <load_address>0x12a07</load_address>
         <run_address>0x12a07</run_address>
         <size>0x162</size>
         <input_file_ref idref="fl-ea"/>
      </object_component>
      <object_component id="oc-3a4">
         <name>.debug_info</name>
         <load_address>0x12b69</load_address>
         <run_address>0x12b69</run_address>
         <size>0x9e</size>
      </object_component>
      <object_component id="oc-153">
         <name>.debug_line</name>
         <load_address>0x0</load_address>
         <run_address>0x0</run_address>
         <size>0x76</size>
         <input_file_ref idref="fl-2"/>
      </object_component>
      <object_component id="oc-151">
         <name>.debug_line</name>
         <load_address>0x76</load_address>
         <run_address>0x76</run_address>
         <size>0x2d</size>
         <input_file_ref idref="fl-2"/>
      </object_component>
      <object_component id="oc-91">
         <name>.debug_line</name>
         <load_address>0xa3</load_address>
         <run_address>0xa3</run_address>
         <size>0x11d</size>
         <input_file_ref idref="fl-2"/>
      </object_component>
      <object_component id="oc-157">
         <name>.debug_line</name>
         <load_address>0x1c0</load_address>
         <run_address>0x1c0</run_address>
         <size>0x57</size>
         <input_file_ref idref="fl-2"/>
      </object_component>
      <object_component id="oc-ae">
         <name>.debug_line</name>
         <load_address>0x217</load_address>
         <run_address>0x217</run_address>
         <size>0x6f</size>
         <input_file_ref idref="fl-2"/>
      </object_component>
      <object_component id="oc-15c">
         <name>.debug_line</name>
         <load_address>0x286</load_address>
         <run_address>0x286</run_address>
         <size>0x5a</size>
         <input_file_ref idref="fl-2"/>
      </object_component>
      <object_component id="oc-d9">
         <name>.debug_line</name>
         <load_address>0x2e0</load_address>
         <run_address>0x2e0</run_address>
         <size>0x69</size>
         <input_file_ref idref="fl-2"/>
      </object_component>
      <object_component id="oc-32">
         <name>.debug_line</name>
         <load_address>0x349</load_address>
         <run_address>0x349</run_address>
         <size>0x20</size>
         <input_file_ref idref="fl-2"/>
      </object_component>
      <object_component id="oc-126">
         <name>.debug_line</name>
         <load_address>0x369</load_address>
         <run_address>0x369</run_address>
         <size>0x73</size>
         <input_file_ref idref="fl-2"/>
      </object_component>
      <object_component id="oc-121">
         <name>.debug_line</name>
         <load_address>0x3dc</load_address>
         <run_address>0x3dc</run_address>
         <size>0x70</size>
         <input_file_ref idref="fl-2"/>
      </object_component>
      <object_component id="oc-240">
         <name>.debug_line</name>
         <load_address>0x44c</load_address>
         <run_address>0x44c</run_address>
         <size>0x6b</size>
         <input_file_ref idref="fl-2"/>
      </object_component>
      <object_component id="oc-161">
         <name>.debug_line</name>
         <load_address>0x4b7</load_address>
         <run_address>0x4b7</run_address>
         <size>0x72</size>
         <input_file_ref idref="fl-2"/>
      </object_component>
      <object_component id="oc-aa">
         <name>.debug_line</name>
         <load_address>0x529</load_address>
         <run_address>0x529</run_address>
         <size>0x40</size>
         <input_file_ref idref="fl-3"/>
      </object_component>
      <object_component id="oc-6b">
         <name>.debug_line</name>
         <load_address>0x569</load_address>
         <run_address>0x569</run_address>
         <size>0x40</size>
         <input_file_ref idref="fl-3"/>
      </object_component>
      <object_component id="oc-65">
         <name>.debug_line</name>
         <load_address>0x5a9</load_address>
         <run_address>0x5a9</run_address>
         <size>0x71</size>
         <input_file_ref idref="fl-3"/>
      </object_component>
      <object_component id="oc-184">
         <name>.debug_line</name>
         <load_address>0x61a</load_address>
         <run_address>0x61a</run_address>
         <size>0x3b</size>
         <input_file_ref idref="fl-4"/>
      </object_component>
      <object_component id="oc-a3">
         <name>.debug_line</name>
         <load_address>0x655</load_address>
         <run_address>0x655</run_address>
         <size>0x159</size>
         <input_file_ref idref="fl-4"/>
      </object_component>
      <object_component id="oc-188">
         <name>.debug_line</name>
         <load_address>0x7ae</load_address>
         <run_address>0x7ae</run_address>
         <size>0x6b</size>
         <input_file_ref idref="fl-5"/>
      </object_component>
      <object_component id="oc-c5">
         <name>.debug_line</name>
         <load_address>0x819</load_address>
         <run_address>0x819</run_address>
         <size>0x132</size>
         <input_file_ref idref="fl-5"/>
      </object_component>
      <object_component id="oc-12b">
         <name>.debug_line</name>
         <load_address>0x94b</load_address>
         <run_address>0x94b</run_address>
         <size>0x20</size>
         <input_file_ref idref="fl-5"/>
      </object_component>
      <object_component id="oc-ba">
         <name>.debug_line</name>
         <load_address>0x96b</load_address>
         <run_address>0x96b</run_address>
         <size>0x6b</size>
         <input_file_ref idref="fl-5"/>
      </object_component>
      <object_component id="oc-bd">
         <name>.debug_line</name>
         <load_address>0x9d6</load_address>
         <run_address>0x9d6</run_address>
         <size>0x92</size>
         <input_file_ref idref="fl-bf"/>
      </object_component>
      <object_component id="oc-41">
         <name>.debug_line</name>
         <load_address>0xa68</load_address>
         <run_address>0xa68</run_address>
         <size>0x56</size>
         <input_file_ref idref="fl-bf"/>
      </object_component>
      <object_component id="oc-81">
         <name>.debug_line</name>
         <load_address>0xabe</load_address>
         <run_address>0xabe</run_address>
         <size>0x34</size>
         <input_file_ref idref="fl-bf"/>
      </object_component>
      <object_component id="oc-7c">
         <name>.debug_line</name>
         <load_address>0xaf2</load_address>
         <run_address>0xaf2</run_address>
         <size>0x20</size>
         <input_file_ref idref="fl-c0"/>
      </object_component>
      <object_component id="oc-1f">
         <name>.debug_line</name>
         <load_address>0xb12</load_address>
         <run_address>0xb12</run_address>
         <size>0x55</size>
         <input_file_ref idref="fl-c0"/>
      </object_component>
      <object_component id="oc-3d">
         <name>.debug_line</name>
         <load_address>0xb67</load_address>
         <run_address>0xb67</run_address>
         <size>0x3a</size>
         <input_file_ref idref="fl-c0"/>
      </object_component>
      <object_component id="oc-79">
         <name>.debug_line</name>
         <load_address>0xba1</load_address>
         <run_address>0xba1</run_address>
         <size>0x92</size>
         <input_file_ref idref="fl-c0"/>
      </object_component>
      <object_component id="oc-b6">
         <name>.debug_line</name>
         <load_address>0xc33</load_address>
         <run_address>0xc33</run_address>
         <size>0x20</size>
         <input_file_ref idref="fl-c1"/>
      </object_component>
      <object_component id="oc-18">
         <name>.debug_line</name>
         <load_address>0xc53</load_address>
         <run_address>0xc53</run_address>
         <size>0xa9</size>
         <input_file_ref idref="fl-c1"/>
      </object_component>
      <object_component id="oc-2d">
         <name>.debug_line</name>
         <load_address>0xcfc</load_address>
         <run_address>0xcfc</run_address>
         <size>0x3a</size>
         <input_file_ref idref="fl-c1"/>
      </object_component>
      <object_component id="oc-b3">
         <name>.debug_line</name>
         <load_address>0xd36</load_address>
         <run_address>0xd36</run_address>
         <size>0x9a</size>
         <input_file_ref idref="fl-c1"/>
      </object_component>
      <object_component id="oc-72">
         <name>.debug_line</name>
         <load_address>0xdd0</load_address>
         <run_address>0xdd0</run_address>
         <size>0x96</size>
         <input_file_ref idref="fl-c1"/>
      </object_component>
      <object_component id="oc-1cd">
         <name>.debug_line</name>
         <load_address>0xe66</load_address>
         <run_address>0xe66</run_address>
         <size>0x90</size>
         <input_file_ref idref="fl-c2"/>
      </object_component>
      <object_component id="oc-d0">
         <name>.debug_line</name>
         <load_address>0xef6</load_address>
         <run_address>0xef6</run_address>
         <size>0xa5</size>
         <input_file_ref idref="fl-c2"/>
      </object_component>
      <object_component id="oc-1a1">
         <name>.debug_line</name>
         <load_address>0xf9b</load_address>
         <run_address>0xf9b</run_address>
         <size>0x9a</size>
         <input_file_ref idref="fl-c2"/>
      </object_component>
      <object_component id="oc-1d1">
         <name>.debug_line</name>
         <load_address>0x1035</load_address>
         <run_address>0x1035</run_address>
         <size>0x90</size>
         <input_file_ref idref="fl-c2"/>
      </object_component>
      <object_component id="oc-21e">
         <name>.debug_line</name>
         <load_address>0x10c5</load_address>
         <run_address>0x10c5</run_address>
         <size>0x90</size>
         <input_file_ref idref="fl-c3"/>
      </object_component>
      <object_component id="oc-21c">
         <name>.debug_line</name>
         <load_address>0x1155</load_address>
         <run_address>0x1155</run_address>
         <size>0x2e</size>
         <input_file_ref idref="fl-c3"/>
      </object_component>
      <object_component id="oc-146">
         <name>.debug_line</name>
         <load_address>0x1183</load_address>
         <run_address>0x1183</run_address>
         <size>0xb4</size>
         <input_file_ref idref="fl-c3"/>
      </object_component>
      <object_component id="oc-1bb">
         <name>.debug_line</name>
         <load_address>0x1237</load_address>
         <run_address>0x1237</run_address>
         <size>0x90</size>
         <input_file_ref idref="fl-c3"/>
      </object_component>
      <object_component id="oc-26b">
         <name>.debug_line</name>
         <load_address>0x12c7</load_address>
         <run_address>0x12c7</run_address>
         <size>0x90</size>
         <input_file_ref idref="fl-c4"/>
      </object_component>
      <object_component id="oc-269">
         <name>.debug_line</name>
         <load_address>0x1357</load_address>
         <run_address>0x1357</run_address>
         <size>0x2c</size>
         <input_file_ref idref="fl-c4"/>
      </object_component>
      <object_component id="oc-1ad">
         <name>.debug_line</name>
         <load_address>0x1383</load_address>
         <run_address>0x1383</run_address>
         <size>0x108</size>
         <input_file_ref idref="fl-c4"/>
      </object_component>
      <object_component id="oc-1f5">
         <name>.debug_line</name>
         <load_address>0x148b</load_address>
         <run_address>0x148b</run_address>
         <size>0x20</size>
         <input_file_ref idref="fl-c5"/>
      </object_component>
      <object_component id="oc-132">
         <name>.debug_line</name>
         <load_address>0x14ab</load_address>
         <run_address>0x14ab</run_address>
         <size>0xb2</size>
         <input_file_ref idref="fl-c5"/>
      </object_component>
      <object_component id="oc-2ba">
         <name>.debug_line</name>
         <load_address>0x155d</load_address>
         <run_address>0x155d</run_address>
         <size>0x20</size>
         <input_file_ref idref="fl-c6"/>
      </object_component>
      <object_component id="oc-215">
         <name>.debug_line</name>
         <load_address>0x157d</load_address>
         <run_address>0x157d</run_address>
         <size>0x2c</size>
         <input_file_ref idref="fl-c6"/>
      </object_component>
      <object_component id="oc-219">
         <name>.debug_line</name>
         <load_address>0x15a9</load_address>
         <run_address>0x15a9</run_address>
         <size>0x90</size>
         <input_file_ref idref="fl-c6"/>
      </object_component>
      <object_component id="oc-1a4">
         <name>.debug_line</name>
         <load_address>0x1639</load_address>
         <run_address>0x1639</run_address>
         <size>0x2a</size>
         <input_file_ref idref="fl-c7"/>
      </object_component>
      <object_component id="oc-c9">
         <name>.debug_line</name>
         <load_address>0x1663</load_address>
         <run_address>0x1663</run_address>
         <size>0x3f</size>
         <input_file_ref idref="fl-c7"/>
      </object_component>
      <object_component id="oc-13f">
         <name>.debug_line</name>
         <load_address>0x16a2</load_address>
         <run_address>0x16a2</run_address>
         <size>0x90</size>
         <input_file_ref idref="fl-c7"/>
      </object_component>
      <object_component id="oc-6e">
         <name>.debug_line</name>
[...]
         <name>main</name>
         <value>0x1945</value>
         <object_component_ref idref="oc-90"/>
      </symbol>
      <symbol id="sm-7f">
         <name>buttonState</name>
         <value>0x20000180</value>
         <object_component_ref idref="oc-d2"/>
      </symbol>
      <symbol id="sm-80">
         <name>setGates</name>
         <value>0x1909</value>
         <object_component_ref idref="oc-90"/>
      </symbol>
      <symbol id="sm-95">
         <name>Reset_Handler</name>
         <value>0x2b49</value>
         <object_component_ref idref="oc-64"/>
      </symbol>
      <symbol id="sm-96">
         <name>Default_Handler</name>
         <value>0x2b55</value>
         <object_component_ref idref="oc-64"/>
      </symbol>
      <symbol id="sm-97">
         <name>interruptVectors</name>
         <value>0x0</value>
         <object_component_ref idref="oc-23"/>
      </symbol>
      <symbol id="sm-df">
         <name>SystemInit</name>
         <value>0xdad</value>
         <object_component_ref idref="oc-a2"/>
      </symbol>
      <symbol id="sm-e0">
         <name>SystemCoreClockUpdate</name>
         <value>0xb35</value>
         <object_component_ref idref="oc-a2"/>
      </symbol>
      <symbol id="sm-e1">
         <name>SystemCoreClock</name>
         <value>0x20000188</value>
         <object_component_ref idref="oc-11a"/>
      </symbol>
      <symbol id="sm-110">
         <name>clear_display</name>
         <value>0x1519</value>
         <object_component_ref idref="oc-c0"/>
      </symbol>
      <symbol id="sm-111">
         <name>send_setting</name>
         <value>0x14f3</value>
         <object_component_ref idref="oc-c0"/>
      </symbol>
      <symbol id="sm-112">
         <name>setBit</name>
         <value>0x1531</value>
         <object_component_ref idref="oc-c0"/>
      </symbol>
      <symbol id="sm-113">
         <name>uart_busy</name>
         <value>0x1523</value>
         <object_component_ref idref="oc-c0"/>
      </symbol>
      <symbol id="sm-114">
         <name>delay</name>
         <value>0x1379</value>
         <object_component_ref idref="oc-c0"/>
      </symbol>
      <symbol id="sm-115">
         <name>uart_transmit</name>
         <value>0x14a5</value>
         <object_component_ref idref="oc-c0"/>
      </symbol>
      <symbol id="sm-116">
         <name>uart_print</name>
         <value>0x14c3</value>
         <object_component_ref idref="oc-c0"/>
      </symbol>
      <symbol id="sm-117">
         <name>initUART</name>
         <value>0x139d</value>
         <object_component_ref idref="oc-c0"/>
      </symbol>
      <symbol id="sm-12b">
         <name>__TI_zero_init_nomemset</name>
         <value>0x2a87</value>
         <object_component_ref idref="oc-40"/>
      </symbol>
      <symbol id="sm-142">
         <name>__TI_decompress_none</name>
         <value>0x2b3b</value>
         <object_component_ref idref="oc-1a"/>
      </symbol>
      <symbol id="sm-165">
         <name>__TI_decompress_lzss</name>
         <value>0x25d5</value>
         <object_component_ref idref="oc-14"/>
      </symbol>
      <symbol id="sm-17c">
         <name>__ctime32</name>
         <value>0x2b57</value>
         <object_component_ref idref="oc-cc"/>
      </symbol>
      <symbol id="sm-17d">
         <name>ctime</name>
         <value>0x2b57</value>
         <object_component_ref idref="oc-cc"/>
      </symbol>
      <symbol id="sm-1a5">
         <name>__localtime32</name>
         <value>0x1cbd</value>
         <object_component_ref idref="oc-142"/>
      </symbol>
      <symbol id="sm-1a6">
         <name>localtime</name>
         <value>0x1cbd</value>
         <object_component_ref idref="oc-142"/>
      </symbol>
      <symbol id="sm-1d8">
         <name>mktime</name>
         <value>0xe69</value>
         <object_component_ref idref="oc-1aa"/>
      </symbol>
      <symbol id="sm-1d9">
         <name>__mktime32</name>
         <value>0xe69</value>
         <object_component_ref idref="oc-1aa"/>
      </symbol>
      <symbol id="sm-1e7">
         <name>strlen</name>
         <value>0x2b07</value>
         <object_component_ref idref="oc-12d"/>
      </symbol>
      <symbol id="sm-1f7">
         <name>_tz</name>
         <value>0x20000168</value>
         <object_component_ref idref="oc-1b0"/>
      </symbol>
      <symbol id="sm-20a">
         <name>__time32</name>
         <value>0x2b2d</value>
         <object_component_ref idref="oc-c6"/>
      </symbol>
      <symbol id="sm-20b">
         <name>time</name>
         <value>0x2b2d</value>
         <object_component_ref idref="oc-c6"/>
      </symbol>
      <symbol id="sm-21e">
         <name>__stack</name>
         <value>0x2000fe00</value>
         <object_component_ref idref="oc-26"/>
      </symbol>
      <symbol id="sm-21f">
         <name>_c_int00_noargs</name>
         <value>0x29f5</value>
         <object_component_ref idref="oc-52"/>
      </symbol>
      <symbol id="sm-22d">
         <name>__aeabi_ldivmod</name>
         <value>0x24f9</value>
         <object_component_ref idref="oc-209"/>
      </symbol>
      <symbol id="sm-23a">
         <name>__aeabi_uldivmod</name>
         <value>0x226f</value>
         <object_component_ref idref="oc-262"/>
      </symbol>
      <symbol id="sm-249">
         <name>__aeabi_memset</name>
         <value>0x2413</value>
         <object_component_ref idref="oc-84"/>
      </symbol>
      <symbol id="sm-24a">
         <name>memset</name>
         <value>0x2419</value>
         <object_component_ref idref="oc-84"/>
      </symbol>
      <symbol id="sm-24b">
         <name>__aeabi_memset8</name>
         <value>0x2413</value>
         <object_component_ref idref="oc-84"/>
      </symbol>
      <symbol id="sm-24c">
         <name>__aeabi_memset4</name>
         <value>0x2413</value>
         <object_component_ref idref="oc-84"/>
      </symbol>
      <symbol id="sm-24d">
         <name>__aeabi_memclr8</name>
         <value>0x2411</value>
         <object_component_ref idref="oc-84"/>
      </symbol>
      <symbol id="sm-24e">
         <name>__aeabi_memclr4</name>
         <value>0x2411</value>
         <object_component_ref idref="oc-84"/>
      </symbol>
      <symbol id="sm-24f">
         <name>__aeabi_memclr</name>
         <value>0x2411</value>
         <object_component_ref idref="oc-84"/>
      </symbol>
      <symbol id="sm-26a">
         <name>memcpy</name>
         <value>0x21d3</value>
         <object_component_ref idref="oc-34"/>
      </symbol>
      <symbol id="sm-26b">
         <name>__aeabi_memcpy</name>
         <value>0x21d3</value>
         <object_component_ref idref="oc-34"/>
      </symbol>
      <symbol id="sm-26c">
         <name>__aeabi_memcpy8</name>
         <value>0x21d3</value>
         <object_component_ref idref="oc-34"/>
      </symbol>
      <symbol id="sm-26d">
         <name>__aeabi_memcpy4</name>
         <value>0x21d3</value>
         <object_component_ref idref="oc-34"/>
      </symbol>
      <symbol id="sm-27c">
         <name>__aeabi_uidivmod</name>
         <value>0x2909</value>
         <object_component_ref idref="oc-1a5"/>
      </symbol>
      <symbol id="sm-27d">
         <name>__aeabi_uidiv</name>
         <value>0x2909</value>
         <object_component_ref idref="oc-1a5"/>
      </symbol>
      <symbol id="sm-2a5">
         <name>__TI_auto_init_nobinit_nopinit</name>
         <value>0x28c5</value>
         <object_component_ref idref="oc-e8"/>
      </symbol>
      <symbol id="sm-2af">
         <name>_system_pre_init</name>
         <value>0x2b6d</value>
         <object_component_ref idref="oc-8a"/>
      </symbol>
      <symbol id="sm-2bb">
         <name>C$$EXIT</name>
         <value>0x2b71</value>
         <object_component_ref idref="oc-dc"/>
      </symbol>
      <symbol id="sm-2bc">
         <name>abort</name>
         <value>0x2b71</value>
         <object_component_ref idref="oc-dc"/>
      </symbol>
      <symbol id="sm-2d1">
         <name>_nop</name>
         <value>0xb33</value>
         <object_component_ref idref="oc-1d5"/>
      </symbol>
      <symbol id="sm-2d2">
         <name>_lock</name>
         <value>0x20000178</value>
         <object_component_ref idref="oc-167"/>
      </symbol>
      <symbol id="sm-2d3">
         <name>_unlock</name>
         <value>0x2000017c</value>
         <object_component_ref idref="oc-167"/>
      </symbol>
      <symbol id="sm-315">
         <name>asctime</name>
         <value>0x2569</value>
         <object_component_ref idref="oc-148"/>
      </symbol>
      <symbol id="sm-32d">
         <name>HOSTtime</name>
         <value>0x2835</value>
         <object_component_ref idref="oc-135"/>
      </symbol>
      <symbol id="sm-351">
         <name>__TI_readmsg</name>
         <value>0x29c1</value>
         <object_component_ref idref="oc-18f"/>
      </symbol>
      <symbol id="sm-352">
         <name>C$$IO$$</name>
         <value>0x29b7</value>
         <object_component_ref idref="oc-189"/>
      </symbol>
      <symbol id="sm-353">
         <name>__CIOBUF_</name>
         <value>0x20000000</value>
         <object_component_ref idref="oc-1f6"/>
      </symbol>
      <symbol id="sm-354">
         <name>__TI_writemsg</name>
         <value>0x2989</value>
         <object_component_ref idref="oc-189"/>
      </symbol>
      <symbol id="sm-37e">
         <name>snprintf</name>
         <value>0x27e9</value>
         <object_component_ref idref="oc-1bd"/>
      </symbol>
      <symbol id="sm-388">
         <name>__aeabi_idiv0</name>
         <value>0x1907</value>
         <object_component_ref idref="oc-203"/>
      </symbol>
      <symbol id="sm-389">
         <name>__aeabi_ldiv0</name>
         <value>0x1907</value>
         <object_component_ref idref="oc-203"/>
      </symbol>
      <symbol id="sm-38f">
         <name>parmbuf</name>
         <value>0x2000013c</value>
      </symbol>
      <symbol id="sm-4f4">
         <name>__TI_printfi</name>
         <value>0xe5</value>
         <object_component_ref idref="oc-21f"/>
      </symbol>
      <symbol id="sm-50d">
         <name>wcslen</name>
         <value>0x2b1b</value>
         <object_component_ref idref="oc-29c"/>
      </symbol>
      <symbol id="sm-524">
         <name>__aeabi_dsub</name>
         <value>0x1751</value>
         <object_component_ref idref="oc-2e1"/>
      </symbol>
      <symbol id="sm-525">
         <name>__aeabi_dadd</name>
         <value>0x175b</value>
         <object_component_ref idref="oc-2e1"/>
      </symbol>
      <symbol id="sm-547">
         <name>__aeabi_cdcmpeq</name>
         <value>0x2305</value>
         <object_component_ref idref="oc-279"/>
      </symbol>
      <symbol id="sm-548">
         <name>__aeabi_cdcmple</name>
         <value>0x2305</value>
         <object_component_ref idref="oc-279"/>
      </symbol>
      <symbol id="sm-549">
         <name>__aeabi_cdrcmple</name>
         <value>0x238b</value>
         <object_component_ref idref="oc-2cc"/>
      </symbol>
      <symbol id="sm-55d">
         <name>__aeabi_ddiv</name>
         <value>0x1b85</value>
         <object_component_ref idref="oc-2c7"/>
      </symbol>
      <symbol id="sm-568">
         <name>__aeabi_dmul</name>
         <value>0x2025</value>
         <object_component_ref idref="oc-2c2"/>
      </symbol>
      <symbol id="sm-572">
         <name>__aeabi_d2iz</name>
         <value>0x287d</value>
         <object_component_ref idref="oc-2d1"/>
      </symbol>
      <symbol id="sm-57c">
         <name>__aeabi_i2d</name>
         <value>0x2a59</value>
         <object_component_ref idref="oc-2dc"/>
      </symbol>
      <symbol id="sm-592">
         <name>atoi</name>
         <value>0x279d</value>
         <object_component_ref idref="oc-26d"/>
      </symbol>
      <symbol id="sm-59d">
         <name>_ctypes_</name>
         <value>0x2b74</value>
         <object_component_ref idref="oc-2bb"/>
      </symbol>
      <symbol id="sm-5ac">
         <name>ltoa</name>
         <value>0x26f7</value>
         <object_component_ref idref="oc-2d6"/>
      </symbol>
      <symbol id="sm-5bc">
         <name>memccpy</name>
         <value>0x2aa3</value>
         <object_component_ref idref="oc-296"/>
      </symbol>
      <symbol id="sm-5cc">
         <name>strchr</name>
         <value>0x2af1</value>
         <object_component_ref idref="oc-30d"/>
      </symbol>
      <symbol id="sm-5e2">
         <name>__aeabi_errno_addr</name>
         <value>0x2b65</value>
         <object_component_ref idref="oc-2a2"/>
      </symbol>
      <symbol id="sm-5e3">
         <name>errno</name>
         <value>0x20000184</value>
         <object_component_ref idref="oc-31d"/>
      </symbol>
      <symbol id="sm-603">
         <name>frexpl</name>
         <value>0x263d</value>
         <object_component_ref idref="oc-301"/>
      </symbol>
      <symbol id="sm-604">
         <name>frexp</name>
         <value>0x263d</value>
         <object_component_ref idref="oc-301"/>
      </symbol>
      <symbol id="sm-621">
         <name>scalbn</name>
         <value>0x1f15</value>
         <object_component_ref idref="oc-307"/>
      </symbol>
      <symbol id="sm-622">
         <name>scalbnl</name>
         <value>0x1f15</value>
         <object_component_ref idref="oc-307"/>
      </symbol>
      <symbol id="sm-623">
         <name>ldexpl</name>
         <value>0x1f15</value>
         <object_component_ref idref="oc-307"/>
      </symbol>
      <symbol id="sm-624">
         <name>ldexp</name>
         <value>0x1f15</value>
         <object_component_ref idref="oc-307"/>
      </symbol>
      <symbol id="sm-62e">
         <name>copysign</name>
         <value>0x2abf</value>
         <object_component_ref idref="oc-346"/>
      </symbol>
      <symbol id="sm-62f">
         <name>copysignl</name>
         <value>0x2abf</value>
         <object_component_ref idref="oc-346"/>
      </symbol>
      <symbol id="sm-630">
         <name>__TI_static_base__</name>
         <value>0x0</value>
      </symbol>
      <symbol id="sm-633">
         <name>__mpu_init</name>
         <value>0x0</value>
      </symbol>
      <symbol id="sm-634">
         <name>_system_post_cinit</name>
         <value>0x0</value>
      </symbol>
      <symbol id="sm-635">
         <name>NMI_Handler</name>
         <value>0x2b55</value>
      </symbol>
      <symbol id="sm-636">
         <name>HardFault_Handler</name>
         <value>0x2b55</value>
      </symbol>
      <symbol id="sm-637">
         <name>MemManage_Handler</name>
         <value>0x2b55</value>
      </symbol>
      <symbol id="sm-638">
         <name>BusFault_Handler</name>
         <value>0x2b55</value>
      </symbol>
      <symbol id="sm-639">
         <name>UsageFault_Handler</name>
         <value>0x2b55</value>
      </symbol>
      <symbol id="sm-63a">
         <name>SVC_Handler</name>
         <value>0x2b55</value>
      </symbol>
      <symbol id="sm-63b">
         <name>DebugMon_Handler</name>
         <value>0x2b55</value>
      </symbol>
      <symbol id="sm-63c">
         <name>PendSV_Handler</name>
         <value>0x2b55</value>
      </symbol>
      <symbol id="sm-63d">
         <name>SysTick_Handler</name>
         <value>0x2b55</value>
      </symbol>
      <symbol id="sm-63e">
         <name>PSS_IRQHandler</name>
         <value>0x2b55</value>
      </symbol>
      <symbol id="sm-63f">
         <name>CS_IRQHandler</name>
         <value>0x2b55</value>
      </symbol>
      <symbol id="sm-640">
         <name>PCM_IRQHandler</name>
         <value>0x2b55</value>
      </symbol>
      <symbol id="sm-641">
         <name>WDT_A_IRQHandler</name>
         <value>0x2b55</value>
      </symbol>
      <symbol id="sm-642">
         <name>FPU_IRQHandler</name>
         <value>0x2b55</value>
      </symbol>
      <symbol id="sm-643">
         <name>FLCTL_IRQHandler</name>
         <value>0x2b55</value>
      </symbol>
      <symbol id="sm-644">
         <name>COMP_E0_IRQHandler</name>
         <value>0x2b55</value>
      </symbol>
      <symbol id="sm-645">
         <name>COMP_E1_IRQHandler</name>
         <value>0x2b55</value>
      </symbol>
      <symbol id="sm-646">
         <name>TA0_0_IRQHandler</name>
         <value>0x2b55</value>
      </symbol>
      <symbol id="sm-647">
         <name>TA0_N_IRQHandler</name>
         <value>0x2b55</value>
      </symbol>
      <symbol id="sm-648">
         <name>TA1_0_IRQHandler</name>
         <value>0x2b55</value>
      </symbol>
      <symbol id="sm-649">
         <name>TA1_N_IRQHandler</name>
         <value>0x2b55</value>
      </symbol>
      <symbol id="sm-64a">
         <name>TA2_0_IRQHandler</name>
         <value>0x2b55</value>
      </symbol>
      <symbol id="sm-64b">
         <name>TA2_N_IRQHandler</name>
         <value>0x2b55</value>
      </symbol>
      <symbol id="sm-64c">
         <name>TA3_0_IRQHandler</name>
         <value>0x2b55</value>
      </symbol>
      <symbol id="sm-64d">
         <name>TA3_N_IRQHandler</name>
         <value>0x2b55</value>
      </symbol>
      <symbol id="sm-64e">
         <name>EUSCIA0_IRQHandler</name>
         <value>0x2b55</value>
      </symbol>
      <symbol id="sm-64f">
         <name>EUSCIA1_IRQHandler</name>
         <value>0x2b55</value>
      </symbol>
      <symbol id="sm-650">
         <name>EUSCIA2_IRQHandler</name>
         <value>0x2b55</value>
      </symbol>
      <symbol id="sm-651">
         <name>EUSCIA3_IRQHandler</name>
         <value>0x2b55</value>
      </symbol>
      <symbol id="sm-652">
         <name>EUSCIB0_IRQHandler</name>
         <value>0x2b55</value>
      </symbol>
      <symbol id="sm-653">
         <name>EUSCIB1_IRQHandler</name>
         <value>0x2b55</value>
      </symbol>
      <symbol id="sm-654">
         <name>EUSCIB2_IRQHandler</name>
         <value>0x2b55</value>
      </symbol>
      <symbol id="sm-655">
         <name>EUSCIB3_IRQHandler</name>
         <value>0x2b55</value>
      </symbol>
      <symbol id="sm-656">
         <name>ADC14_IRQHandler</name>
         <value>0x2b55</value>
      </symbol>
      <symbol id="sm-657">
         <name>T32_INT1_IRQHandler</name>
         <value>0x2b55</value>
      </symbol>
      <symbol id="sm-658">
         <name>T32_INT2_IRQHandler</name>
         <value>0x2b55</value>
      </symbol>
      <symbol id="sm-659">
         <name>T32_INTC_IRQHandler</name>
         <value>0x2b55</value>
      </symbol>
      <symbol id="sm-65a">
         <name>AES256_IRQHandler</name>
         <value>0x2b55</value>
      </symbol>
      <symbol id="sm-65b">
         <name>RTC_C_IRQHandler</name>
         <value>0x2b55</value>
      </symbol>
      <symbol id="sm-65c">
         <name>DMA_ERR_IRQHandler</name>
         <value>0x2b55</value>
      </symbol>
      <symbol id="sm-65d">
         <name>DMA_INT3_IRQHandler</name>
         <value>0x2b55</value>
      </symbol>
      <symbol id="sm-65e">
         <name>DMA_INT2_IRQHandler</name>
         <value>0x2b55</value>
      </symbol>
      <symbol id="sm-65f">
         <name>DMA_INT1_IRQHandler</name>
         <value>0x2b55</value>
      </symbol>
      <symbol id="sm-660">
         <name>DMA_INT0_IRQHandler</name>
         <value>0x2b55</value>
      </symbol>
      <symbol id="sm-661">
         <name>PORT1_IRQHandler</name>
         <value>0x2b55</value>
      </symbol>
      <symbol id="sm-662">
         <name>PORT2_IRQHandler</name>
         <value>0x2b55</value>
      </symbol>
      <symbol id="sm-663">
         <name>PORT3_IRQHandler</name>
         <value>0x2b55</value>
      </symbol>
      <symbol id="sm-664">
         <name>PORT4_IRQHandler</name>
         <value>0x2b55</value>
      </symbol>
      <symbol id="sm-665">
         <name>PORT5_IRQHandler</name>
         <value>0x2b55</value>
      </symbol>
      <symbol id="sm-666">
         <name>PORT6_IRQHandler</name>
         <value>0x2b55</value>
      </symbol>
   </symbol_table>
   <title>Link successful</title>
</link_info>
